Archive member included to satisfy reference by file (symbol)

C:/ST/STM32CubeIDE_1.13.0/STM32CubeIDE/plugins/com.st.stm32cube.ide.mcu.externaltools.gnu-tools-for-stm32.12.3.rel1.win32_1.0.100.202403111256/tools/bin/../lib/gcc/arm-none-eabi/12.3.1/../../../../arm-none-eabi/lib/thumb/v7-m/nofp\libc_nano.a(libc_a-exit.o)
                              C:/ST/STM32CubeIDE_1.13.0/STM32CubeIDE/plugins/com.st.stm32cube.ide.mcu.externaltools.gnu-tools-for-stm32.12.3.rel1.win32_1.0.100.202403111256/tools/bin/../lib/gcc/arm-none-eabi/12.3.1/../../../../arm-none-eabi/lib/thumb/v7-m/nofp/crt0.o (exit)
C:/ST/STM32CubeIDE_1.13.0/STM32CubeIDE/plugins/com.st.stm32cube.ide.mcu.externaltools.gnu-tools-for-stm32.12.3.rel1.win32_1.0.100.202403111256/tools/bin/../lib/gcc/arm-none-eabi/12.3.1/../../../../arm-none-eabi/lib/thumb/v7-m/nofp\libc_nano.a(libc_a-findfp.o)
                              C:/ST/STM32CubeIDE_1.13.0/STM32CubeIDE/plugins/com.st.stm32cube.ide.mcu.externaltools.gnu-tools-for-stm32.12.3.rel1.win32_1.0.100.202403111256/tools/bin/../lib/gcc/arm-none-eabi/12.3.1/../../../../arm-none-eabi/lib/thumb/v7-m/nofp\libc_nano.a(libc_a-exit.o) (__stdio_exit_handler)
C:/ST/STM32CubeIDE_1.13.0/STM32CubeIDE/plugins/com.st.stm32cube.ide.mcu.externaltools.gnu-tools-for-stm32.12.3.rel1.win32_1.0.100.202403111256/tools/bin/../lib/gcc/arm-none-eabi/12.3.1/../../../../arm-none-eabi/lib/thumb/v7-m/nofp\libc_nano.a(libc_a-fwalk.o)
                              C:/ST/STM32CubeIDE_1.13.0/STM32CubeIDE/plugins/com.st.stm32cube.ide.mcu.externaltools.gnu-tools-for-stm32.12.3.rel1.win32_1.0.100.202403111256/tools/bin/../lib/gcc/arm-none-eabi/12.3.1/../../../../arm-none-eabi/lib/thumb/v7-m/nofp\libc_nano.a(libc_a-findfp.o) (_fwalk_sglue)
C:/ST/STM32CubeIDE_1.13.0/STM32CubeIDE/plugins/com.st.stm32cube.ide.mcu.externaltools.gnu-tools-for-stm32.12.3.rel1.win32_1.0.100.202403111256/tools/bin/../lib/gcc/arm-none-eabi/12.3.1/../../../../arm-none-eabi/lib/thumb/v7-m/nofp\libc_nano.a(libc_a-stdio.o)
                              C:/ST/STM32CubeIDE_1.13.0/STM32CubeIDE/plugins/com.st.stm32cube.ide.mcu.externaltools.gnu-tools-for-stm32.12.3.rel1.win32_1.0.100.202403111256/tools/bin/../lib/gcc/arm-none-eabi/12.3.1/../../../../arm-none-eabi/lib/thumb/v7-m/nofp\libc_nano.a(libc_a-findfp.o) (__sread)
C:/ST/STM32CubeIDE_1.13.0/STM32CubeIDE/plugins/com.st.stm32cube.ide.mcu.externaltools.gnu-tools-for-stm32.12.3.rel1.win32_1.0.100.202403111256/tools/bin/../lib/gcc/arm-none-eabi/12.3.1/../../../../arm-none-eabi/lib/thumb/v7-m/nofp\libc_nano.a(libc_a-memset.o)
                              C:/ST/STM32CubeIDE_1.13.0/STM32CubeIDE/plugins/com.st.stm32cube.ide.mcu.externaltools.gnu-tools-for-stm32.12.3.rel1.win32_1.0.100.202403111256/tools/bin/../lib/gcc/arm-none-eabi/12.3.1/../../../../arm-none-eabi/lib/thumb/v7-m/nofp/crt0.o (memset)
C:/ST/STM32CubeIDE_1.13.0/STM32CubeIDE/plugins/com.st.stm32cube.ide.mcu.externaltools.gnu-tools-for-stm32.12.3.rel1.win32_1.0.100.202403111256/tools/bin/../lib/gcc/arm-none-eabi/12.3.1/../../../../arm-none-eabi/lib/thumb/v7-m/nofp\libc_nano.a(libc_a-closer.o)
                              C:/ST/STM32CubeIDE_1.13.0/STM32CubeIDE/plugins/com.st.stm32cube.ide.mcu.externaltools.gnu-tools-for-stm32.12.3.rel1.win32_1.0.100.202403111256/tools/bin/../lib/gcc/arm-none-eabi/12.3.1/../../../../arm-none-eabi/lib/thumb/v7-m/nofp\libc_nano.a(libc_a-stdio.o) (_close_r)
C:/ST/STM32CubeIDE_1.13.0/STM32CubeIDE/plugins/com.st.stm32cube.ide.mcu.externaltools.gnu-tools-for-stm32.12.3.rel1.win32_1.0.100.202403111256/tools/bin/../lib/gcc/arm-none-eabi/12.3.1/../../../../arm-none-eabi/lib/thumb/v7-m/nofp\libc_nano.a(libc_a-reent.o)
                              C:/ST/STM32CubeIDE_1.13.0/STM32CubeIDE/plugins/com.st.stm32cube.ide.mcu.externaltools.gnu-tools-for-stm32.12.3.rel1.win32_1.0.100.202403111256/tools/bin/../lib/gcc/arm-none-eabi/12.3.1/../../../../arm-none-eabi/lib/thumb/v7-m/nofp\libc_nano.a(libc_a-closer.o) (errno)
C:/ST/STM32CubeIDE_1.13.0/STM32CubeIDE/plugins/com.st.stm32cube.ide.mcu.externaltools.gnu-tools-for-stm32.12.3.rel1.win32_1.0.100.202403111256/tools/bin/../lib/gcc/arm-none-eabi/12.3.1/../../../../arm-none-eabi/lib/thumb/v7-m/nofp\libc_nano.a(libc_a-impure.o)
                              C:/ST/STM32CubeIDE_1.13.0/STM32CubeIDE/plugins/com.st.stm32cube.ide.mcu.externaltools.gnu-tools-for-stm32.12.3.rel1.win32_1.0.100.202403111256/tools/bin/../lib/gcc/arm-none-eabi/12.3.1/../../../../arm-none-eabi/lib/thumb/v7-m/nofp\libc_nano.a(libc_a-reent.o) (_impure_ptr)
C:/ST/STM32CubeIDE_1.13.0/STM32CubeIDE/plugins/com.st.stm32cube.ide.mcu.externaltools.gnu-tools-for-stm32.12.3.rel1.win32_1.0.100.202403111256/tools/bin/../lib/gcc/arm-none-eabi/12.3.1/../../../../arm-none-eabi/lib/thumb/v7-m/nofp\libc_nano.a(libc_a-lseekr.o)
[...]
Memory Configuration

Name             Origin             Length             Attributes
RAM              0x20000000         0x00005000         xrw
FLASH            0x08000000         0x00010000         xr
*default*        0x00000000         0xffffffff

Linker script and memory map

LOAD C:/ST/STM32CubeIDE_1.13.0/STM32CubeIDE/plugins/com.st.stm32cube.ide.mcu.externaltools.gnu-tools-for-stm32.12.3.rel1.win32_1.0.100.202403111256/tools/bin/../lib/gcc/arm-none-eabi/12.3.1/thumb/v7-m/nofp/crti.o
LOAD C:/ST/STM32CubeIDE_1.13.0/STM32CubeIDE/plugins/com.st.stm32cube.ide.mcu.externaltools.gnu-tools-for-stm32.12.3.rel1.win32_1.0.100.202403111256/tools/bin/../lib/gcc/arm-none-eabi/12.3.1/thumb/v7-m/nofp/crtbegin.o
LOAD C:/ST/STM32CubeIDE_1.13.0/STM32CubeIDE/plugins/com.st.stm32cube.ide.mcu.externaltools.gnu-tools-for-stm32.12.3.rel1.win32_1.0.100.202403111256/tools/bin/../lib/gcc/arm-none-eabi/12.3.1/../../../../arm-none-eabi/lib/thumb/v7-m/nofp/crt0.o
LOAD ./Core/Src/Functions.o
LOAD ./Core/Src/LCD.o
LOAD ./Core/Src/main.o
LOAD ./Core/Src/stm32f1xx_hal_msp.o
LOAD ./Core/Src/stm32f1xx_it.o
LOAD ./Core/Src/syscalls.o
LOAD ./Core/Src/sysmem.o
LOAD ./Core/Src/system_stm32f1xx.o
LOAD ./Core/Startup/startup_stm32f103c8tx.o
LOAD ./Drivers/STM32F1xx_HAL_Driver/Src/stm32f1xx_hal.o
LOAD ./Drivers/STM32F1xx_HAL_Driver/Src/stm32f1xx_hal_adc.o
LOAD ./Drivers/STM32F1xx_HAL_Driver/Src/stm32f1xx_hal_adc_ex.o
LOAD ./Drivers/STM32F1xx_HAL_Driver/Src/stm32f1xx_hal_cortex.o
LOAD ./Drivers/STM32F1xx_HAL_Driver/Src/stm32f1xx_hal_dma.o
LOAD ./Drivers/STM32F1xx_HAL_Driver/Src/stm32f1xx_hal_exti.o
LOAD ./Drivers/STM32F1xx_HAL_Driver/Src/stm32f1xx_hal_flash.o
LOAD ./Drivers/STM32F1xx_HAL_Driver/Src/stm32f1xx_hal_flash_ex.o
LOAD ./Drivers/STM32F1xx_HAL_Driver/Src/stm32f1xx_hal_gpio.o
LOAD ./Drivers/STM32F1xx_HAL_Driver/Src/stm32f1xx_hal_gpio_ex.o
LOAD ./Drivers/STM32F1xx_HAL_Driver/Src/stm32f1xx_hal_pcd.o
LOAD ./Drivers/STM32F1xx_HAL_Driver/Src/stm32f1xx_hal_pcd_ex.o
LOAD ./Drivers/STM32F1xx_HAL_Driver/Src/stm32f1xx_hal_pwr.o
LOAD ./Drivers/STM32F1xx_HAL_Driver/Src/stm32f1xx_hal_rcc.o
LOAD ./Drivers/STM32F1xx_HAL_Driver/Src/stm32f1xx_hal_rcc_ex.o
LOAD ./Drivers/STM32F1xx_HAL_Driver/Src/stm32f1xx_hal_tim.o
LOAD ./Drivers/STM32F1xx_HAL_Driver/Src/stm32f1xx_hal_tim_ex.o
LOAD ./Drivers/STM32F1xx_HAL_Driver/Src/stm32f1xx_ll_usb.o
LOAD ./Middlewares/ST/STM32_USB_Device_Library/Class/HID/Src/usbd_hid.o
LOAD ./Middlewares/ST/STM32_USB_Device_Library/Core/Src/usbd_core.o
LOAD ./Middlewares/ST/STM32_USB_Device_Library/Core/Src/usbd_ctlreq.o
LOAD ./Middlewares/ST/STM32_USB_Device_Library/Core/Src/usbd_ioreq.o
LOAD ./USB_DEVICE/App/usb_device.o
LOAD ./USB_DEVICE/App/usbd_desc.o
LOAD ./USB_DEVICE/Target/usbd_conf.o
START GROUP
LOAD C:/ST/STM32CubeIDE_1.13.0/STM32CubeIDE/plugins/com.st.stm32cube.ide.mcu.externaltools.gnu-tools-for-stm32.12.3.rel1.win32_1.0.100.202403111256/tools/bin/../lib/gcc/arm-none-eabi/12.3.1/../../../../arm-none-eabi/lib/thumb/v7-m/nofp\libc_nano.a
LOAD C:/ST/STM32CubeIDE_1.13.0/STM32CubeIDE/plugins/com.st.stm32cube.ide.mcu.externaltools.gnu-tools-for-stm32.12.3.rel1.win32_1.0.100.202403111256/tools/bin/../lib/gcc/arm-none-eabi/12.3.1/../../../../arm-none-eabi/lib/thumb/v7-m/nofp\libm.a
END GROUP
START GROUP
LOAD C:/ST/STM32CubeIDE_1.13.0/STM32CubeIDE/plugins/com.st.stm32cube.ide.mcu.externaltools.gnu-tools-for-stm32.12.3.rel1.win32_1.0.100.202403111256/tools/bin/../lib/gcc/arm-none-eabi/12.3.1/thumb/v7-m/nofp\libgcc.a
LOAD C:/ST/STM32CubeIDE_1.13.0/STM32CubeIDE/plugins/com.st.stm32cube.ide.mcu.externaltools.gnu-tools-for-stm32.12.3.rel1.win32_1.0.100.202403111256/tools/bin/../lib/gcc/arm-none-eabi/12.3.1/../../../../arm-none-eabi/lib/thumb/v7-m/nofp\libc_nano.a
END GROUP
START GROUP
LOAD C:/ST/STM32CubeIDE_1.13.0/STM32CubeIDE/plugins/com.st.stm32cube.ide.mcu.externaltools.gnu-tools-for-stm32.12.3.rel1.win32_1.0.100.202403111256/tools/bin/../lib/gcc/arm-none-eabi/12.3.1/thumb/v7-m/nofp\libgcc.a
LOAD C:/ST/STM32CubeIDE_1.13.0/STM32CubeIDE/plugins/com.st.stm32cube.ide.mcu.externaltools.gnu-tools-for-stm32.12.3.rel1.win32_1.0.100.202403111256/tools/bin/../lib/gcc/arm-none-eabi/12.3.1/../../../../arm-none-eabi/lib/thumb/v7-m/nofp\libc_nano.a
LOAD C:/ST/STM32CubeIDE_1.13.0/STM32CubeIDE/plugins/com.st.stm32cube.ide.mcu.externaltools.gnu-tools-for-stm32.12.3.rel1.win32_1.0.100.202403111256/tools/bin/../lib/gcc/arm-none-eabi/12.3.1/../../../../arm-none-eabi/lib/thumb/v7-m/nofp\libnosys.a
END GROUP
START GROUP
LOAD C:/ST/STM32CubeIDE_1.13.0/STM32CubeIDE/plugins/com.st.stm32cube.ide.mcu.externaltools.gnu-tools-for-stm32.12.3.rel1.win32_1.0.100.202403111256/tools/bin/../lib/gcc/arm-none-eabi/12.3.1/thumb/v7-m/nofp\libgcc.a
LOAD C:/ST/STM32CubeIDE_1.13.0/STM32CubeIDE/plugins/com.st.stm32cube.ide.mcu.externaltools.gnu-tools-for-stm32.12.3.rel1.win32_1.0.100.202403111256/tools/bin/../lib/gcc/arm-none-eabi/12.3.1/../../../../arm-none-eabi/lib/thumb/v7-m/nofp\libc_nano.a
LOAD C:/ST/STM32CubeIDE_1.13.0/STM32CubeIDE/plugins/com.st.stm32cube.ide.mcu.externaltools.gnu-tools-for-stm32.12.3.rel1.win32_1.0.100.202403111256/tools/bin/../lib/gcc/arm-none-eabi/12.3.1/../../../../arm-none-eabi/lib/thumb/v7-m/nofp\libnosys.a
END GROUP
LOAD C:/ST/STM32CubeIDE_1.13.0/STM32CubeIDE/plugins/com.st.stm32cube.ide.mcu.externaltools.gnu-tools-for-stm32.12.3.rel1.win32_1.0.100.202403111256/tools/bin/../lib/gcc/arm-none-eabi/12.3.1/thumb/v7-m/nofp/crtend.o
LOAD C:/ST/STM32CubeIDE_1.13.0/STM32CubeIDE/plugins/com.st.stm32cube.ide.mcu.externaltools.gnu-tools-for-stm32.12.3.rel1.win32_1.0.100.202403111256/tools/bin/../lib/gcc/arm-none-eabi/12.3.1/thumb/v7-m/nofp/crtn.o
                0x20005000                        _estack = (ORIGIN (RAM) + LENGTH (RAM))
                0x00000200                        _Min_Heap_Size = 0x200
                0x00000400                        _Min_Stack_Size = 0x400

.isr_vector     0x08000000      0x10c
                0x08000000                        . = ALIGN (0x4)
 *(.isr_vector)
 .isr_vector    0x08000000      0x10c ./Core/Startup/startup_stm32f103c8tx.o
                0x08000000                g_pfnVectors
                0x0800010c                        . = ALIGN (0x4)

.text           0x0800010c     0x8334
                0x0800010c                        . = ALIGN (0x4)
 *(.text)
 .text          0x0800010c       0x40 C:/ST/STM32CubeIDE_1.13.0/STM32CubeIDE/plugins/com.st.stm32cube.ide.mcu.externaltools.gnu-tools-for-stm32.12.3.rel1.win32_1.0.100.202403111256/tools/bin/../lib/gcc/arm-none-eabi/12.3.1/thumb/v7-m/nofp/crtbegin.o
 *(.text*)
 .text.POW      0x0800014c       0x3e ./Core/Src/Functions.o
                0x0800014c                POW
 *fill*         0x0800018a        0x2 
 .text.Num_len  0x0800018c       0x3c ./Core/Src/Functions.o
                0x0800018c                Num_len
 .text.Show_Num
                0x080001c8       0x92 ./Core/Src/Functions.o
                0x080001c8                Show_Num
 *fill*         0x0800025a        0x2 
 .text.Com      0x0800025c       0x54 ./Core/Src/LCD.o
                0x0800025c                Com
 .text.Data     0x080002b0       0x54 ./Core/Src/LCD.o
                0x080002b0                Data
 .text.LCD_intialise
                0x08000304       0x1a ./Core/Src/LCD.o
                0x08000304                LCD_intialise
 *fill*         0x0800031e        0x2 
 .text.Mapping_Values
                0x08000320       0x54 ./Core/Src/main.o
                0x08000320                Mapping_Values
 .text.HAL_GPIO_EXTI_Callback
                0x08000374       0x94 ./Core/Src/main.o
                0x08000374                HAL_GPIO_EXTI_Callback
 .text.Clear_Lcd
                0x08000408       0x1a ./Core/Src/main.o
                0x08000408                Clear_Lcd
 *fill*         0x08000422        0x2 
 .text.Show_mapped_values
                0x08000424       0x48 ./Core/Src/main.o
                0x08000424                Show_mapped_values
 .text.main     0x0800046c      0x198 ./Core/Src/main.o
                0x0800046c                main
 .text.SystemClock_Config
                0x08000604       0xba ./Core/Src/main.o
                0x08000604                SystemClock_Config
 *fill*         0x080006be        0x2 
 .text.MX_ADC1_Init
                0x080006c0       0x9c ./Core/Src/main.o
 .text.MX_DMA_Init
                0x0800075c       0x3c ./Core/Src/main.o
 .text.MX_GPIO_Init
                0x08000798      0x118 ./Core/Src/main.o
 .text.Error_Handler
                0x080008b0        0xc ./Core/Src/main.o
                0x080008b0                Error_Handler
 .text.HAL_MspInit
                0x080008bc       0x64 ./Core/Src/stm32f1xx_hal_msp.o
                0x080008bc                HAL_MspInit
 .text.HAL_ADC_MspInit
                0x08000920       0xd0 ./Core/Src/stm32f1xx_hal_msp.o
                0x08000920                HAL_ADC_MspInit
 .text.NMI_Handler
                0x080009f0        0x8 ./Core/Src/stm32f1xx_it.o
                0x080009f0                NMI_Handler
 .text.HardFault_Handler
                0x080009f8        0x8 ./Core/Src/stm32f1xx_it.o
                0x080009f8                HardFault_Handler
 .text.MemManage_Handler
                0x08000a00        0x8 ./Core/Src/stm32f1xx_it.o
                0x08000a00                MemManage_Handler
 .text.BusFault_Handler
                0x08000a08        0x8 ./Core/Src/stm32f1xx_it.o
                0x08000a08                BusFault_Handler
 .text.UsageFault_Handler
                0x08000a10        0x8 ./Core/Src/stm32f1xx_it.o
                0x08000a10                UsageFault_Handler
 .text.SVC_Handler
                0x08000a18        0xc ./Core/Src/stm32f1xx_it.o
                0x08000a18                SVC_Handler
 .text.DebugMon_Handler
                0x08000a24        0xc ./Core/Src/stm32f1xx_it.o
                0x08000a24                DebugMon_Handler
 .text.PendSV_Handler
                0x08000a30        0xc ./Core/Src/stm32f1xx_it.o
                0x08000a30                PendSV_Handler
 .text.SysTick_Handler
                0x08000a3c        0xc ./Core/Src/stm32f1xx_it.o
                0x08000a3c                SysTick_Handler
 .text.DMA1_Channel1_IRQHandler
                0x08000a48       0x14 ./Core/Src/stm32f1xx_it.o
                0x08000a48                DMA1_Channel1_IRQHandler
 .text.USB_LP_CAN1_RX0_IRQHandler
                0x08000a5c       0x14 ./Core/Src/stm32f1xx_it.o
                0x08000a5c                USB_LP_CAN1_RX0_IRQHandler
 .text.EXTI15_10_IRQHandler
                0x08000a70       0x20 ./Core/Src/stm32f1xx_it.o
                0x08000a70                EXTI15_10_IRQHandler
 .text.SystemInit
                0x08000a90        0xc ./Core/Src/system_stm32f1xx.o
                0x08000a90                SystemInit
 .text.Reset_Handler
                0x08000a9c       0x48 ./Core/Startup/startup_stm32f103c8tx.o
                0x08000a9c                Reset_Handler
 .text.Default_Handler
                0x08000ae4        0x2 ./Core/Startup/startup_stm32f103c8tx.o
                0x08000ae4                RTC_Alarm_IRQHandler
                0x08000ae4                EXTI2_IRQHandler
                0x08000ae4                TIM1_CC_IRQHandler
                0x08000ae4                PVD_IRQHandler
                0x08000ae4                EXTI3_IRQHandler
                0x08000ae4                EXTI0_IRQHandler
                0x08000ae4                I2C2_EV_IRQHandler
                0x08000ae4                ADC1_2_IRQHandler
                0x08000ae4                SPI1_IRQHandler
                0x08000ae4                TAMPER_IRQHandler
                0x08000ae4                DMA1_Channel4_IRQHandler
                0x08000ae4                USART3_IRQHandler
                0x08000ae4                RTC_IRQHandler
                0x08000ae4                DMA1_Channel7_IRQHandler
                0x08000ae4                CAN1_RX1_IRQHandler
                0x08000ae4                TIM4_IRQHandler
                0x08000ae4                I2C1_EV_IRQHandler
                0x08000ae4                DMA1_Channel6_IRQHandler
                0x08000ae4                TIM3_IRQHandler
                0x08000ae4                RCC_IRQHandler
                0x08000ae4                TIM1_TRG_COM_IRQHandler
                0x08000ae4                Default_Handler
                0x08000ae4                EXTI9_5_IRQHandler
                0x08000ae4                SPI2_IRQHandler
                0x08000ae4                DMA1_Channel5_IRQHandler
                0x08000ae4                EXTI4_IRQHandler
                0x08000ae4                USB_HP_CAN1_TX_IRQHandler
                0x08000ae4                DMA1_Channel3_IRQHandler
                0x08000ae4                TIM1_UP_IRQHandler
                0x08000ae4                WWDG_IRQHandler
                0x08000ae4                TIM2_IRQHandler
                0x08000ae4                TIM1_BRK_IRQHandler
                0x08000ae4                EXTI1_IRQHandler
                0x08000ae4                USART2_IRQHandler
                0x08000ae4                I2C2_ER_IRQHandler
                0x08000ae4                DMA1_Channel2_IRQHandler
                0x08000ae4                CAN1_SCE_IRQHandler
                0x08000ae4                FLASH_IRQHandler
                0x08000ae4                USART1_IRQHandler
                0x08000ae4                I2C1_ER_IRQHandler
                0x08000ae4                USBWakeUp_IRQHandler
 *fill*         0x08000ae6        0x2 
 .text.HAL_Init
                0x08000ae8       0x2c ./Drivers/STM32F1xx_HAL_Driver/Src/stm32f1xx_hal.o
                0x08000ae8                HAL_Init
 .text.HAL_InitTick
                0x08000b14       0x60 ./Drivers/STM32F1xx_HAL_Driver/Src/stm32f1xx_hal.o
                0x08000b14                HAL_InitTick
 .text.HAL_IncTick
                0x08000b74       0x24 ./Drivers/STM32F1xx_HAL_Driver/Src/stm32f1xx_hal.o
                0x08000b74                HAL_IncTick
 .text.HAL_GetTick
                0x08000b98       0x14 ./Drivers/STM32F1xx_HAL_Driver/Src/stm32f1xx_hal.o
                0x08000b98                HAL_GetTick
 .text.HAL_Delay
                0x08000bac       0x48 ./Drivers/STM32F1xx_HAL_Driver/Src/stm32f1xx_hal.o
                0x08000bac                HAL_Delay
 .text.HAL_ADC_Init
                0x08000bf4      0x1b0 ./Drivers/STM32F1xx_HAL_Driver/Src/stm32f1xx_hal_adc.o
                0x08000bf4                HAL_ADC_Init
 .text.HAL_ADC_Start_DMA
                0x08000da4      0x1bc ./Drivers/STM32F1xx_HAL_Driver/Src/stm32f1xx_hal_adc.o
                0x08000da4                HAL_ADC_Start_DMA
 .text.HAL_ADC_ConvCpltCallback
                0x08000f60       0x12 ./Drivers/STM32F1xx_HAL_Driver/Src/stm32f1xx_hal_adc.o
                0x08000f60                HAL_ADC_ConvCpltCallback
 .text.HAL_ADC_ConvHalfCpltCallback
                0x08000f72       0x12 ./Drivers/STM32F1xx_HAL_Driver/Src/stm32f1xx_hal_adc.o
                0x08000f72                HAL_ADC_ConvHalfCpltCallback
 .text.HAL_ADC_ErrorCallback
                0x08000f84       0x12 ./Drivers/STM32F1xx_HAL_Driver/Src/stm32f1xx_hal_adc.o
                0x08000f84                HAL_ADC_ErrorCallback
 *fill*         0x08000f96        0x2 
 .text.HAL_ADC_ConfigChannel
                0x08000f98      0x1f0 ./Drivers/STM32F1xx_HAL_Driver/Src/stm32f1xx_hal_adc.o
                0x08000f98                HAL_ADC_ConfigChannel
 .text.ADC_Enable
                0x08001188       0xb4 ./Drivers/STM32F1xx_HAL_Driver/Src/stm32f1xx_hal_adc.o
                0x08001188                ADC_Enable
 .text.ADC_ConversionStop_Disable
                0x0800123c       0x82 ./Drivers/STM32F1xx_HAL_Driver/Src/stm32f1xx_hal_adc.o
                0x0800123c                ADC_ConversionStop_Disable
 .text.ADC_DMAConvCplt
                0x080012be       0x7c ./Drivers/STM32F1xx_HAL_Driver/Src/stm32f1xx_hal_adc.o
                0x080012be                ADC_DMAConvCplt
 .text.ADC_DMAHalfConvCplt
                0x0800133a       0x1c ./Drivers/STM32F1xx_HAL_Driver/Src/stm32f1xx_hal_adc.o
                0x0800133a                ADC_DMAHalfConvCplt
 .text.ADC_DMAError
                0x08001356       0x34 ./Drivers/STM32F1xx_HAL_Driver/Src/stm32f1xx_hal_adc.o
                0x08001356                ADC_DMAError
 *fill*         0x0800138a        0x2 
 .text.__NVIC_SetPriorityGrouping
                0x0800138c       0x48 ./Drivers/STM32F1xx_HAL_Driver/Src/stm32f1xx_hal_cortex.o
 .text.__NVIC_GetPriorityGrouping
                0x080013d4       0x1c ./Drivers/STM32F1xx_HAL_Driver/Src/stm32f1xx_hal_cortex.o
 .text.__NVIC_EnableIRQ
                0x080013f0       0x38 ./Drivers/STM32F1xx_HAL_Driver/Src/stm32f1xx_hal_cortex.o
 .text.__NVIC_SetPriority
                0x08001428       0x54 ./Drivers/STM32F1xx_HAL_Driver/Src/stm32f1xx_hal_cortex.o
 .text.NVIC_EncodePriority
                0x0800147c       0x64 ./Drivers/STM32F1xx_HAL_Driver/Src/stm32f1xx_hal_cortex.o
 .text.SysTick_Config
                0x080014e0       0x44 ./Drivers/STM32F1xx_HAL_Driver/Src/stm32f1xx_hal_cortex.o
 .text.HAL_NVIC_SetPriorityGrouping
                0x08001524       0x16 ./Drivers/STM32F1xx_HAL_Driver/Src/stm32f1xx_hal_cortex.o
                0x08001524                HAL_NVIC_SetPriorityGrouping
 .text.HAL_NVIC_SetPriority
                0x0800153a       0x38 ./Drivers/STM32F1xx_HAL_Driver/Src/stm32f1xx_hal_cortex.o
                0x0800153a                HAL_NVIC_SetPriority
 .text.HAL_NVIC_EnableIRQ
                0x08001572       0x1c ./Drivers/STM32F1xx_HAL_Driver/Src/stm32f1xx_hal_cortex.o
                0x08001572                HAL_NVIC_EnableIRQ
 .text.HAL_SYSTICK_Config
                0x0800158e       0x18 ./Drivers/STM32F1xx_HAL_Driver/Src/stm32f1xx_hal_cortex.o
                0x0800158e                HAL_SYSTICK_Config
 *fill*         0x080015a6        0x2 
 .text.HAL_DMA_Init
                0x080015a8       0xb4 ./Drivers/STM32F1xx_HAL_Driver/Src/stm32f1xx_hal_dma.o
                0x080015a8                HAL_DMA_Init
 .text.HAL_DMA_Start_IT
                0x0800165c       0xc0 ./Drivers/STM32F1xx_HAL_Driver/Src/stm32f1xx_hal_dma.o
                0x0800165c                HAL_DMA_Start_IT
 .text.HAL_DMA_IRQHandler
                0x0800171c      0x20c ./Drivers/STM32F1xx_HAL_Driver/Src/stm32f1xx_hal_dma.o
                0x0800171c                HAL_DMA_IRQHandler
 .text.DMA_SetConfig
                0x08001928       0x5a ./Drivers/STM32F1xx_HAL_Driver/Src/stm32f1xx_hal_dma.o
 *fill*         0x08001982        0x2 
 .text.HAL_GPIO_Init
                0x08001984      0x308 ./Drivers/STM32F1xx_HAL_Driver/Src/stm32f1xx_hal_gpio.o
                0x08001984                HAL_GPIO_Init
 .text.HAL_GPIO_WritePin
                0x08001c8c       0x30 ./Drivers/STM32F1xx_HAL_Driver/Src/stm32f1xx_hal_gpio.o
                0x08001c8c                HAL_GPIO_WritePin
 .text.HAL_GPIO_EXTI_IRQHandler
                0x08001cbc       0x30 ./Drivers/STM32F1xx_HAL_Driver/Src/stm32f1xx_hal_gpio.o
                0x08001cbc                HAL_GPIO_EXTI_IRQHandler
 .text.HAL_PCD_Init
                0x08001cec      0x1fe ./Drivers/STM32F1xx_HAL_Driver/Src/stm32f1xx_hal_pcd.o
                0x08001cec                HAL_PCD_Init
 .text.HAL_PCD_Start
                0x08001eea       0x4c ./Drivers/STM32F1xx_HAL_Driver/Src/stm32f1xx_hal_pcd.o
                0x08001eea                HAL_PCD_Start
 .text.HAL_PCD_IRQHandler
                0x08001f36      0x260 ./Drivers/STM32F1xx_HAL_Driver/Src/stm32f1xx_hal_pcd.o
                0x08001f36                HAL_PCD_IRQHandler
 .text.HAL_PCD_SetAddress
                0x08002196       0x4a ./Drivers/STM32F1xx_HAL_Driver/Src/stm32f1xx_hal_pcd.o
                0x08002196                HAL_PCD_SetAddress
 .text.HAL_PCD_EP_Open
                0x080021e0       0xba ./Drivers/STM32F1xx_HAL_Driver/Src/stm32f1xx_hal_pcd.o
                0x080021e0                HAL_PCD_EP_Open
 .text.HAL_PCD_EP_Close
                0x0800229a       0x90 ./Drivers/STM32F1xx_HAL_Driver/Src/stm32f1xx_hal_pcd.o
                0x0800229a                HAL_PCD_EP_Close
 .text.HAL_PCD_EP_Receive
                0x0800232a       0x62 ./Drivers/STM32F1xx_HAL_Driver/Src/stm32f1xx_hal_pcd.o
                0x0800232a                HAL_PCD_EP_Receive
 .text.HAL_PCD_EP_Transmit
                0x0800238c       0x6e ./Drivers/STM32F1xx_HAL_Driver/Src/stm32f1xx_hal_pcd.o
                0x0800238c                HAL_PCD_EP_Transmit
 .text.HAL_PCD_EP_SetStall
                0x080023fa       0xc0 ./Drivers/STM32F1xx_HAL_Driver/Src/stm32f1xx_hal_pcd.o
                0x080023fa                HAL_PCD_EP_SetStall
 .text.HAL_PCD_EP_ClrStall
                0x080024ba       0xa8 ./Drivers/STM32F1xx_HAL_Driver/Src/stm32f1xx_hal_pcd.o
                0x080024ba                HAL_PCD_EP_ClrStall
 .text.PCD_EP_ISR_Handler
                0x08002562      0x7a4 ./Drivers/STM32F1xx_HAL_Driver/Src/stm32f1xx_hal_pcd.o
 .text.HAL_PCD_EP_DB_Receive
                0x08002d06      0x21a ./Drivers/STM32F1xx_HAL_Driver/Src/stm32f1xx_hal_pcd.o
 .text.HAL_PCD_EP_DB_Transmit
                0x08002f20      0x7f4 ./Drivers/STM32F1xx_HAL_Driver/Src/stm32f1xx_hal_pcd.o
 .text.HAL_PCDEx_PMAConfig
                0x08003714       0x84 ./Drivers/STM32F1xx_HAL_Driver/Src/stm32f1xx_hal_pcd_ex.o
                0x08003714                HAL_PCDEx_PMAConfig
 .text.HAL_RCC_OscConfig
                0x08003798      0x504 ./Drivers/STM32F1xx_HAL_Driver/Src/stm32f1xx_hal_rcc.o
                0x08003798                HAL_RCC_OscConfig
 .text.HAL_RCC_ClockConfig
                0x08003c9c      0x1d4 ./Drivers/STM32F1xx_HAL_Driver/Src/stm32f1xx_hal_rcc.o
                0x08003c9c                HAL_RCC_ClockConfig
 .text.HAL_RCC_GetSysClockFreq
                0x08003e70       0xa8 ./Drivers/STM32F1xx_HAL_Driver/Src/stm32f1xx_hal_rcc.o
                0x08003e70                HAL_RCC_GetSysClockFreq
 .text.RCC_Delay
                0x08003f18       0x3c ./Drivers/STM32F1xx_HAL_Driver/Src/stm32f1xx_hal_rcc.o
 .text.HAL_RCCEx_PeriphCLKConfig
                0x08003f54      0x16c ./Drivers/STM32F1xx_HAL_Driver/Src/stm32f1xx_hal_rcc_ex.o
                0x08003f54                HAL_RCCEx_PeriphCLKConfig
 .text.USB_CoreInit
                0x080040c0       0x20 ./Drivers/STM32F1xx_HAL_Driver/Src/stm32f1xx_ll_usb.o
                0x080040c0                USB_CoreInit
 .text.USB_EnableGlobalInt
                0x080040e0       0x2c ./Drivers/STM32F1xx_HAL_Driver/Src/stm32f1xx_ll_usb.o
                0x080040e0                USB_EnableGlobalInt
 .text.USB_DisableGlobalInt
                0x0800410c       0x34 ./Drivers/STM32F1xx_HAL_Driver/Src/stm32f1xx_ll_usb.o
                0x0800410c                USB_DisableGlobalInt
 .text.USB_SetCurrentMode
                0x08004140       0x18 ./Drivers/STM32F1xx_HAL_Driver/Src/stm32f1xx_ll_usb.o
                0x08004140                USB_SetCurrentMode
 .text.USB_DevInit
                0x08004158       0x40 ./Drivers/STM32F1xx_HAL_Driver/Src/stm32f1xx_ll_usb.o
                0x08004158                USB_DevInit
 .text.USB_ActivateEndpoint
                0x08004198      0x780 ./Drivers/STM32F1xx_HAL_Driver/Src/stm32f1xx_ll_usb.o
                0x08004198                USB_ActivateEndpoint
 .text.USB_DeactivateEndpoint
                0x08004918      0x3d8 ./Drivers/STM32F1xx_HAL_Driver/Src/stm32f1xx_ll_usb.o
                0x08004918                USB_DeactivateEndpoint
 .text.USB_EPStartXfer
                0x08004cf0     0x1762 ./Drivers/STM32F1xx_HAL_Driver/Src/stm32f1xx_ll_usb.o
                0x08004cf0                USB_EPStartXfer
 .text.USB_EPSetStall
                0x08006452       0xa0 ./Drivers/STM32F1xx_HAL_Driver/Src/stm32f1xx_ll_usb.o
                0x08006452                USB_EPSetStall
 .text.USB_EPClearStall
                0x080064f2      0x15a ./Drivers/STM32F1xx_HAL_Driver/Src/stm32f1xx_ll_usb.o
                0x080064f2                USB_EPClearStall
 .text.USB_SetDevAddress
                0x0800664c       0x26 ./Drivers/STM32F1xx_HAL_Driver/Src/stm32f1xx_ll_usb.o
                0x0800664c                USB_SetDevAddress
 .text.USB_DevConnect
                0x08006672       0x14 ./Drivers/STM32F1xx_HAL_Driver/Src/stm32f1xx_ll_usb.o
                0x08006672                USB_DevConnect
 .text.USB_DevDisconnect
                0x08006686       0x14 ./Drivers/STM32F1xx_HAL_Driver/Src/stm32f1xx_ll_usb.o
                0x08006686                USB_DevDisconnect
 .text.USB_ReadInterrupts
                0x0800669a       0x1e ./Drivers/STM32F1xx_HAL_Driver/Src/stm32f1xx_ll_usb.o
                0x0800669a                USB_ReadInterrupts
 .text.USB_EP0_OutStart
                0x080066b8       0x16 ./Drivers/STM32F1xx_HAL_Driver/Src/stm32f1xx_ll_usb.o
                0x080066b8                USB_EP0_OutStart
 .text.USB_WritePMA
                0x080066ce       0x8a ./Drivers/STM32F1xx_HAL_Driver/Src/stm32f1xx_ll_usb.o
                0x080066ce                USB_WritePMA
 .text.USB_ReadPMA
                0x08006758       0x9e ./Drivers/STM32F1xx_HAL_Driver/Src/stm32f1xx_ll_usb.o
                0x08006758                USB_ReadPMA
 .text.USBD_HID_Init
                0x080067f6       0x4e ./Middlewares/ST/STM32_USB_Device_Library/Class/HID/Src/usbd_hid.o
 .text.USBD_HID_DeInit
                0x08006844       0x42 ./Middlewares/ST/STM32_USB_Device_Library/Class/HID/Src/usbd_hid.o
 *fill*         0x08006886        0x2 
 .text.USBD_HID_Setup
                0x08006888      0x1fc ./Middlewares/ST/STM32_USB_Device_Library/Class/HID/Src/usbd_hid.o
 .text.USBD_HID_SendReport
                0x08006a84       0x44 ./Middlewares/ST/STM32_USB_Device_Library/Class/HID/Src/usbd_hid.o
                0x08006a84                USBD_HID_SendReport
 .text.USBD_HID_GetFSCfgDesc
                0x08006ac8       0x20 ./Middlewares/ST/STM32_USB_Device_Library/Class/HID/Src/usbd_hid.o
 .text.USBD_HID_GetHSCfgDesc
                0x08006ae8       0x20 ./Middlewares/ST/STM32_USB_Device_Library/Class/HID/Src/usbd_hid.o
 .text.USBD_HID_GetOtherSpeedCfgDesc
                0x08006b08       0x20 ./Middlewares/ST/STM32_USB_Device_Library/Class/HID/Src/usbd_hid.o
 .text.USBD_HID_DataIn
                0x08006b28       0x22 ./Middlewares/ST/STM32_USB_Device_Library/Class/HID/Src/usbd_hid.o
 *fill*         0x08006b4a        0x2 
 .text.USBD_HID_GetDeviceQualifierDesc
                0x08006b4c       0x20 ./Middlewares/ST/STM32_USB_Device_Library/Class/HID/Src/usbd_hid.o
 .text.USBD_Init
                0x08006b6c       0x56 ./Middlewares/ST/STM32_USB_Device_Library/Core/Src/usbd_core.o
                0x08006b6c                USBD_Init
 .text.USBD_RegisterClass
                0x08006bc2       0x32 ./Middlewares/ST/STM32_USB_Device_Library/Core/Src/usbd_core.o
                0x08006bc2                USBD_RegisterClass
 .text.USBD_Start
                0x08006bf4       0x18 ./Middlewares/ST/STM32_USB_Device_Library/Core/Src/usbd_core.o
                0x08006bf4                USBD_Start
 .text.USBD_RunTestMode
                0x08006c0c       0x14 ./Middlewares/ST/STM32_USB_Device_Library/Core/Src/usbd_core.o
                0x08006c0c                USBD_RunTestMode
 .text.USBD_SetClassConfig
                0x08006c20       0x3e ./Middlewares/ST/STM32_USB_Device_Library/Core/Src/usbd_core.o
                0x08006c20                USBD_SetClassConfig
 .text.USBD_ClrClassConfig
                0x08006c5e       0x26 ./Middlewares/ST/STM32_USB_Device_Library/Core/Src/usbd_core.o
                0x08006c5e                USBD_ClrClassConfig
 .text.USBD_LL_SetupStage
                0x08006c84       0x9a ./Middlewares/ST/STM32_USB_Device_Library/Core/Src/usbd_core.o
                0x08006c84                USBD_LL_SetupStage
 .text.USBD_LL_DataOutStage
                0x08006d1e       0xe2 ./Middlewares/ST/STM32_USB_Device_Library/Core/Src/usbd_core.o
                0x08006d1e                USBD_LL_DataOutStage
 .text.USBD_LL_DataInStage
                0x08006e00      0x14a ./Middlewares/ST/STM32_USB_Device_Library/Core/Src/usbd_core.o
                0x08006e00                USBD_LL_DataInStage
 .text.USBD_LL_Reset
                0x08006f4a       0x82 ./Middlewares/ST/STM32_USB_Device_Library/Core/Src/usbd_core.o
                0x08006f4a                USBD_LL_Reset
 .text.USBD_LL_SetSpeed
                0x08006fcc       0x1e ./Middlewares/ST/STM32_USB_Device_Library/Core/Src/usbd_core.o
                0x08006fcc                USBD_LL_SetSpeed
 .text.USBD_LL_Suspend
                0x08006fea       0x28 ./Middlewares/ST/STM32_USB_Device_Library/Core/Src/usbd_core.o
                0x08006fea                USBD_LL_Suspend
 .text.USBD_LL_Resume
                0x08007012       0x2a ./Middlewares/ST/STM32_USB_Device_Library/Core/Src/usbd_core.o
                0x08007012                USBD_LL_Resume
 .text.USBD_LL_SOF
                0x0800703c       0x34 ./Middlewares/ST/STM32_USB_Device_Library/Core/Src/usbd_core.o
                0x0800703c                USBD_LL_SOF
 .text.USBD_StdDevReq
                0x08007070       0xd4 ./Middlewares/ST/STM32_USB_Device_Library/Core/Src/usbd_ctlreq.o
                0x08007070                USBD_StdDevReq
 .text.USBD_StdItfReq
                0x08007144       0x90 ./Middlewares/ST/STM32_USB_Device_Library/Core/Src/usbd_ctlreq.o
                0x08007144                USBD_StdItfReq
 .text.USBD_StdEPReq
                0x080071d4      0x2c6 ./Middlewares/ST/STM32_USB_Device_Library/Core/Src/usbd_ctlreq.o
                0x080071d4                USBD_StdEPReq
 *fill*         0x0800749a        0x2 
 .text.USBD_GetDescriptor
                0x0800749c      0x2d0 ./Middlewares/ST/STM32_USB_Device_Library/Core/Src/usbd_ctlreq.o
 .text.USBD_SetAddress
                0x0800776c       0x86 ./Middlewares/ST/STM32_USB_Device_Library/Core/Src/usbd_ctlreq.o
 *fill*         0x080077f2        0x2 
 .text.USBD_SetConfig
                0x080077f4      0x11c ./Middlewares/ST/STM32_USB_Device_Library/Core/Src/usbd_ctlreq.o
 .text.USBD_GetConfig
                0x08007910       0x6a ./Middlewares/ST/STM32_USB_Device_Library/Core/Src/usbd_ctlreq.o
 .text.USBD_GetStatus
                0x0800797a       0x66 ./Middlewares/ST/STM32_USB_Device_Library/Core/Src/usbd_ctlreq.o
 .text.USBD_SetFeature
                0x080079e0       0x28 ./Middlewares/ST/STM32_USB_Device_Library/Core/Src/usbd_ctlreq.o
 .text.USBD_ClrFeature
                0x08007a08       0x42 ./Middlewares/ST/STM32_USB_Device_Library/Core/Src/usbd_ctlreq.o
 .text.USBD_ParseSetupRequest
                0x08007a4a       0x72 ./Middlewares/ST/STM32_USB_Device_Library/Core/Src/usbd_ctlreq.o
                0x08007a4a                USBD_ParseSetupRequest
 .text.USBD_CtlError
                0x08007abc       0x22 ./Middlewares/ST/STM32_USB_Device_Library/Core/Src/usbd_ctlreq.o
                0x08007abc                USBD_CtlError
 .text.USBD_GetString
                0x08007ade       0x84 ./Middlewares/ST/STM32_USB_Device_Library/Core/Src/usbd_ctlreq.o
                0x08007ade                USBD_GetString
 .text.USBD_GetLen
                0x08007b62       0x2e ./Middlewares/ST/STM32_USB_Device_Library/Core/Src/usbd_ctlreq.o
 .text.USBD_CtlSendData
                0x08007b90       0x38 ./Middlewares/ST/STM32_USB_Device_Library/Core/Src/usbd_ioreq.o
                0x08007b90                USBD_CtlSendData
 .text.USBD_CtlContinueSendData
                0x08007bc8       0x24 ./Middlewares/ST/STM32_USB_Device_Library/Core/Src/usbd_ioreq.o
                0x08007bc8                USBD_CtlContinueSendData
 .text.USBD_CtlContinueRx
                0x08007bec       0x24 ./Middlewares/ST/STM32_USB_Device_Library/Core/Src/usbd_ioreq.o
                0x08007bec                USBD_CtlContinueRx
 .text.USBD_CtlSendStatus
                0x08007c10       0x26 ./Middlewares/ST/STM32_USB_Device_Library/Core/Src/usbd_ioreq.o
                0x08007c10                USBD_CtlSendStatus
 .text.USBD_CtlReceiveStatus
                0x08007c36       0x26 ./Middlewares/ST/STM32_USB_Device_Library/Core/Src/usbd_ioreq.o
                0x08007c36                USBD_CtlReceiveStatus
 .text.MX_USB_DEVICE_Init
                0x08007c5c       0x4c ./USB_DEVICE/App/usb_device.o
                0x08007c5c                MX_USB_DEVICE_Init
 .text.USBD_FS_DeviceDescriptor
                0x08007ca8       0x24 ./USB_DEVICE/App/usbd_desc.o
                0x08007ca8                USBD_FS_DeviceDescriptor
 .text.USBD_FS_LangIDStrDescriptor
                0x08007ccc       0x24 ./USB_DEVICE/App/usbd_desc.o
                0x08007ccc                USBD_FS_LangIDStrDescriptor
 .text.USBD_FS_ProductStrDescriptor
                0x08007cf0       0x3c ./USB_DEVICE/App/usbd_desc.o
                0x08007cf0                USBD_FS_ProductStrDescriptor
 .text.USBD_FS_ManufacturerStrDescriptor
                0x08007d2c       0x28 ./USB_DEVICE/App/usbd_desc.o
                0x08007d2c                USBD_FS_ManufacturerStrDescriptor
 .text.USBD_FS_SerialStrDescriptor
                0x08007d54       0x24 ./USB_DEVICE/App/usbd_desc.o
                0x08007d54                USBD_FS_SerialStrDescriptor
 .text.USBD_FS_ConfigStrDescriptor
                0x08007d78       0x3c ./USB_DEVICE/App/usbd_desc.o
                0x08007d78                USBD_FS_ConfigStrDescriptor
 .text.USBD_FS_InterfaceStrDescriptor
                0x08007db4       0x3c ./USB_DEVICE/App/usbd_desc.o
                0x08007db4                USBD_FS_InterfaceStrDescriptor
 .text.Get_SerialNum
                0x08007df0       0x58 ./USB_DEVICE/App/usbd_desc.o
 .text.IntToUnicode
                0x08007e48       0x7c ./USB_DEVICE/App/usbd_desc.o
 .text.HAL_PCD_MspInit
                0x08007ec4       0x4c ./USB_DEVICE/Target/usbd_conf.o
                0x08007ec4                HAL_PCD_MspInit
 .text.HAL_PCD_SetupStageCallback
                0x08007f10       0x24 ./USB_DEVICE/Target/usbd_conf.o
                0x08007f10                HAL_PCD_SetupStageCallback
 .text.HAL_PCD_DataOutStageCallback
                0x08007f34       0x36 ./USB_DEVICE/Target/usbd_conf.o
                0x08007f34                HAL_PCD_DataOutStageCallback
 .text.HAL_PCD_DataInStageCallback
                0x08007f6a       0x34 ./USB_DEVICE/Target/usbd_conf.o
                0x08007f6a                HAL_PCD_DataInStageCallback
 .text.HAL_PCD_SOFCallback
                0x08007f9e       0x1c ./USB_DEVICE/Target/usbd_conf.o
                0x08007f9e                HAL_PCD_SOFCallback
 .text.HAL_PCD_ResetCallback
                0x08007fba       0x3c ./USB_DEVICE/Target/usbd_conf.o
                0x08007fba                HAL_PCD_ResetCallback
 *fill*         0x08007ff6        0x2 
 .text.HAL_PCD_SuspendCallback
                0x08007ff8       0x34 ./USB_DEVICE/Target/usbd_conf.o
                0x08007ff8                HAL_PCD_SuspendCallback
 .text.HAL_PCD_ResumeCallback
                0x0800802c       0x1c ./USB_DEVICE/Target/usbd_conf.o
                0x0800802c                HAL_PCD_ResumeCallback
 .text.USBD_LL_Init
                0x08008048       0x90 ./USB_DEVICE/Target/usbd_conf.o
                0x08008048                USBD_LL_Init
 .text.USBD_LL_Start
                0x080080d8       0x36 ./USB_DEVICE/Target/usbd_conf.o
                0x080080d8                USBD_LL_Start
 .text.USBD_LL_OpenEP
                0x0800810e       0x4c ./USB_DEVICE/Target/usbd_conf.o
                0x0800810e                USBD_LL_OpenEP
 .text.USBD_LL_CloseEP
                0x0800815a       0x3e ./USB_DEVICE/Target/usbd_conf.o
                0x0800815a                USBD_LL_CloseEP
 .text.USBD_LL_StallEP
                0x08008198       0x3e ./USB_DEVICE/Target/usbd_conf.o
                0x08008198                USBD_LL_StallEP
 .text.USBD_LL_ClearStallEP
                0x080081d6       0x3e ./USB_DEVICE/Target/usbd_conf.o
                0x080081d6                USBD_LL_ClearStallEP
 .text.USBD_LL_IsStallEP
                0x08008214       0x58 ./USB_DEVICE/Target/usbd_conf.o
                0x08008214                USBD_LL_IsStallEP
 .text.USBD_LL_SetUSBAddress
                0x0800826c       0x3e ./USB_DEVICE/Target/usbd_conf.o
                0x0800826c                USBD_LL_SetUSBAddress
 .text.USBD_LL_Transmit
                0x080082aa       0x46 ./USB_DEVICE/Target/usbd_conf.o
                0x080082aa                USBD_LL_Transmit
 .text.USBD_LL_PrepareReceive
                0x080082f0       0x46 ./USB_DEVICE/Target/usbd_conf.o
                0x080082f0                USBD_LL_PrepareReceive
 *fill*         0x08008336        0x2 
 .text.USBD_static_malloc
                0x08008338       0x18 ./USB_DEVICE/Target/usbd_conf.o
                0x08008338                USBD_static_malloc
 .text.USBD_static_free
                0x08008350       0x12 ./USB_DEVICE/Target/usbd_conf.o
                0x08008350                USBD_static_free
 .text.HAL_PCDEx_SetConnectionState
                0x08008362       0x16 ./USB_DEVICE/Target/usbd_conf.o
                0x08008362                HAL_PCDEx_SetConnectionState
 .text.USBD_Get_USB_Status
                0x08008378       0x58 ./USB_DEVICE/Target/usbd_conf.o
 .text.memset   0x080083d0       0x10 C:/ST/STM32CubeIDE_1.13.0/STM32CubeIDE/plugins/com.st.stm32cube.ide.mcu.externaltools.gnu-tools-for-stm32.12.3.rel1.win32_1.0.100.202403111256/tools/bin/../lib/gcc/arm-none-eabi/12.3.1/../../../../arm-none-eabi/lib/thumb/v7-m/nofp\libc_nano.a(libc_a-memset.o)
                0x080083d0                memset
 .text.__libc_init_array
                0x080083e0       0x48 C:/ST/STM32CubeIDE_1.13.0/STM32CubeIDE/plugins/com.st.stm32cube.ide.mcu.externaltools.gnu-tools-for-stm32.12.3.rel1.win32_1.0.100.202403111256/tools/bin/../lib/gcc/arm-none-eabi/12.3.1/../../../../arm-none-eabi/lib/thumb/v7-m/nofp\libc_nano.a(libc_a-init.o)
                0x080083e0                __libc_init_array
 *(.glue_7)
 .glue_7        0x08008428        0x0 linker stubs
 *(.glue_7t)
 .glue_7t       0x08008428        0x0 linker stubs
 *(.eh_frame)
 .eh_frame      0x08008428        0x0 C:/ST/STM32CubeIDE_1.13.0/STM32CubeIDE/plugins/com.st.stm32cube.ide.mcu.externaltools.gnu-tools-for-stm32.12.3.rel1.win32_1.0.100.202403111256/tools/bin/../lib/gcc/arm-none-eabi/12.3.1/thumb/v7-m/nofp/crtbegin.o
 *(.init)
 .init          0x08008428        0x4 C:/ST/STM32CubeIDE_1.13.0/STM32CubeIDE/plugins/com.st.stm32cube.ide.mcu.externaltools.gnu-tools-for-stm32.12.3.rel1.win32_1.0.100.202403111256/tools/bin/../lib/gcc/arm-none-eabi/12.3.1/thumb/v7-m/nofp/crti.o
                0x08008428                _init
 .init          0x0800842c        0x8 C:/ST/STM32CubeIDE_1.13.0/STM32CubeIDE/plugins/com.st.stm32cube.ide.mcu.externaltools.gnu-tools-for-stm32.12.3.rel1.win32_1.0.100.202403111256/tools/bin/../lib/gcc/arm-none-eabi/12.3.1/thumb/v7-m/nofp/crtn.o
 *(.fini)
 .fini          0x08008434        0x4 C:/ST/STM32CubeIDE_1.13.0/STM32CubeIDE/plugins/com.st.stm32cube.ide.mcu.externaltools.gnu-tools-for-stm32.12.3.rel1.win32_1.0.100.202403111256/tools/bin/../lib/gcc/arm-none-eabi/12.3.1/thumb/v7-m/nofp/crti.o
                0x08008434                _fini
 .fini          0x08008438        0x8 C:/ST/STM32CubeIDE_1.13.0/STM32CubeIDE/plugins/com.st.stm32cube.ide.mcu.externaltools.gnu-tools-for-stm32.12.3.rel1.win32_1.0.100.202403111256/tools/bin/../lib/gcc/arm-none-eabi/12.3.1/thumb/v7-m/nofp/crtn.o
                0x08008440                        . = ALIGN (0x4)
                0x08008440                        _etext = .

.vfp11_veneer   0x08008440        0x0
 .vfp11_veneer  0x08008440        0x0 linker stubs

.v4_bx          0x08008440        0x0
 .v4_bx         0x08008440        0x0 linker stubs

.iplt           0x08008440        0x0
 .iplt          0x08008440        0x0 C:/ST/STM32CubeIDE_1.13.0/STM32CubeIDE/plugins/com.st.stm32cube.ide.mcu.externaltools.gnu-tools-for-stm32.12.3.rel1.win32_1.0.100.202403111256/tools/bin/../lib/gcc/arm-none-eabi/12.3.1/thumb/v7-m/nofp/crtbegin.o

.rodata         0x08008440       0x64
                0x08008440                        . = ALIGN (0x4)
 *(.rodata)
 .rodata        0x08008440       0x3e ./USB_DEVICE/App/usbd_desc.o
 *(.rodata*)
 *fill*         0x0800847e        0x2 
 .rodata.AHBPrescTable
                0x08008480       0x10 ./Core/Src/system_stm32f1xx.o
                0x08008480                AHBPrescTable
 .rodata.aPLLMULFactorTable.1
                0x08008490       0x10 ./Drivers/STM32F1xx_HAL_Driver/Src/stm32f1xx_hal_rcc.o
 .rodata.aPredivFactorTable.0
                0x080084a0        0x2 ./Drivers/STM32F1xx_HAL_Driver/Src/stm32f1xx_hal_rcc.o
                0x080084a4                        . = ALIGN (0x4)
 *fill*         0x080084a2        0x2 

.ARM.extab      0x080084a4        0x0
                0x080084a4                        . = ALIGN (0x4)
 *(.ARM.extab* .gnu.linkonce.armextab.*)
                0x080084a4                        . = ALIGN (0x4)

.ARM            0x080084a4        0x0
                0x080084a4                        . = ALIGN (0x4)
                0x080084a4                        __exidx_start = .
 *(.ARM.exidx*)
                0x080084a4                        __exidx_end = .
                0x080084a4                        . = ALIGN (0x4)

.preinit_array  0x080084a4        0x0
                0x080084a4                        . = ALIGN (0x4)
                0x080084a4                        PROVIDE (__preinit_array_start = .)
 *(.preinit_array*)
                0x080084a4                        PROVIDE (__preinit_array_end = .)
                0x080084a4                        . = ALIGN (0x4)

.init_array     0x080084a4        0x4
                0x080084a4                        . = ALIGN (0x4)
                0x080084a4                        PROVIDE (__init_array_start = .)
 *(SORT_BY_NAME(.init_array.*))
 *(.init_array*)
 .init_array    0x080084a4        0x4 C:/ST/STM32CubeIDE_1.13.0/STM32CubeIDE/plugins/com.st.stm32cube.ide.mcu.externaltools.gnu-tools-for-stm32.12.3.rel1.win32_1.0.100.202403111256/tools/bin/../lib/gcc/arm-none-eabi/12.3.1/thumb/v7-m/nofp/crtbegin.o
                0x080084a8                        PROVIDE (__init_array_end = .)
                0x080084a8                        . = ALIGN (0x4)

.fini_array     0x080084a8        0x4
                0x080084a8                        . = ALIGN (0x4)
                [!provide]                        PROVIDE (__fini_array_start = .)
 *(SORT_BY_NAME(.fini_array.*))
 *(.fini_array*)
 .fini_array    0x080084a8        0x4 C:/ST/STM32CubeIDE_1.13.0/STM32CubeIDE/plugins/com.st.stm32cube.ide.mcu.externaltools.gnu-tools-for-stm32.12.3.rel1.win32_1.0.100.202403111256/tools/bin/../lib/gcc/arm-none-eabi/12.3.1/thumb/v7-m/nofp/crtbegin.o
                [!provide]                        PROVIDE (__fini_array_end = .)
                0x080084ac                        . = ALIGN (0x4)
                0x080084ac                        _sidata = LOADADDR (.data)

.rel.dyn        0x080084ac        0x0
 .rel.iplt      0x080084ac        0x0 C:/ST/STM32CubeIDE_1.13.0/STM32CubeIDE/plugins/com.st.stm32cube.ide.mcu.externaltools.gnu-tools-for-stm32.12.3.rel1.win32_1.0.100.202403111256/tools/bin/../lib/gcc/arm-none-eabi/12.3.1/thumb/v7-m/nofp/crtbegin.o

.data           0x20000000      0x168 load address 0x080084ac
                0x20000000                        . = ALIGN (0x4)
                0x20000000                        _sdata = .
 *(.data)
 *(.data*)
 .data.threshould
                0x20000000        0x1 ./Core/Src/main.o
                0x20000000                threshould
 .data.center   0x20000001        0x1 ./Core/Src/main.o
                0x20000001                center
 .data.DPI      0x20000002        0x1 ./Core/Src/main.o
                0x20000002                DPI
 *fill*         0x20000003        0x1 
 .data.SystemCoreClock
                0x20000004        0x4 ./Core/Src/system_stm32f1xx.o
                0x20000004                SystemCoreClock
 .data.uwTickPrio
                0x20000008        0x4 ./Drivers/STM32F1xx_HAL_Driver/Src/stm32f1xx_hal.o
                0x20000008                uwTickPrio
 .data.uwTickFreq
                0x2000000c        0x1 ./Drivers/STM32F1xx_HAL_Driver/Src/stm32f1xx_hal.o
                0x2000000c                uwTickFreq
 *fill*         0x2000000d        0x3 
 .data.USBD_HID
                0x20000010       0x38 ./Middlewares/ST/STM32_USB_Device_Library/Class/HID/Src/usbd_hid.o
                0x20000010                USBD_HID
 .data.USBD_HID_CfgFSDesc
                0x20000048       0x22 ./Middlewares/ST/STM32_USB_Device_Library/Class/HID/Src/usbd_hid.o
 *fill*         0x2000006a        0x2 
 .data.USBD_HID_CfgHSDesc
                0x2000006c       0x22 ./Middlewares/ST/STM32_USB_Device_Library/Class/HID/Src/usbd_hid.o
 *fill*         0x2000008e        0x2 
 .data.USBD_HID_OtherSpeedCfgDesc
                0x20000090       0x22 ./Middlewares/ST/STM32_USB_Device_Library/Class/HID/Src/usbd_hid.o
 *fill*         0x200000b2        0x2 
 .data.USBD_HID_Desc
                0x200000b4        0x9 ./Middlewares/ST/STM32_USB_Device_Library/Class/HID/Src/usbd_hid.o
 *fill*         0x200000bd        0x3 
 .data.USBD_HID_DeviceQualifierDesc
                0x200000c0        0xa ./Middlewares/ST/STM32_USB_Device_Library/Class/HID/Src/usbd_hid.o
 *fill*         0x200000ca        0x2 
 .data.HID_MOUSE_ReportDesc
                0x200000cc       0x4a ./Middlewares/ST/STM32_USB_Device_Library/Class/HID/Src/usbd_hid.o
 *fill*         0x20000116        0x2 
 .data.FS_Desc  0x20000118       0x1c ./USB_DEVICE/App/usbd_desc.o
                0x20000118                FS_Desc
 .data.USBD_FS_DeviceDesc
                0x20000134       0x12 ./USB_DEVICE/App/usbd_desc.o
                0x20000134                USBD_FS_DeviceDesc
 *fill*         0x20000146        0x2 
 .data.USBD_LangIDDesc
                0x20000148        0x4 ./USB_DEVICE/App/usbd_desc.o
                0x20000148                USBD_LangIDDesc
 .data.USBD_StringSerial
                0x2000014c       0x1a ./USB_DEVICE/App/usbd_desc.o
                0x2000014c                USBD_StringSerial
 *(.RamFunc)
 *(.RamFunc*)
                0x20000168                        . = ALIGN (0x4)
 *fill*         0x20000166        0x2 
                0x20000168                        _edata = .

.igot.plt       0x20000168        0x0 load address 0x08008614
 .igot.plt      0x20000168        0x0 C:/ST/STM32CubeIDE_1.13.0/STM32CubeIDE/plugins/com.st.stm32cube.ide.mcu.externaltools.gnu-tools-for-stm32.12.3.rel1.win32_1.0.100.202403111256/tools/bin/../lib/gcc/arm-none-eabi/12.3.1/thumb/v7-m/nofp/crtbegin.o
                0x20000168                        . = ALIGN (0x4)

.bss            0x20000168      0x87c load address 0x08008614
                0x20000168                        _sbss = .
                0x20000168                        __bss_start__ = _sbss
 *(.bss)
 .bss           0x20000168       0x1c C:/ST/STM32CubeIDE_1.13.0/STM32CubeIDE/plugins/com.st.stm32cube.ide.mcu.externaltools.gnu-tools-for-stm32.12.3.rel1.win32_1.0.100.202403111256/tools/bin/../lib/gcc/arm-none-eabi/12.3.1/thumb/v7-m/nofp/crtbegin.o
 *(.bss*)
 .bss.hadc1     0x20000184       0x30 ./Core/Src/main.o
                0x20000184                hadc1
 .bss.hdma_adc1
                0x200001b4       0x44 ./Core/Src/main.o
                0x200001b4                hdma_adc1
 .bss.VR        0x200001f8        0x8 ./Core/Src/main.o
                0x200001f8                VR
 .bss.X_Y       0x20000200        0x4 ./Core/Src/main.o
                0x20000200                X_Y
 .bss.newxval   0x20000204        0x2 ./Core/Src/main.o
                0x20000204                newxval
 .bss.newyval   0x20000206        0x2 ./Core/Src/main.o
                0x20000206                newyval
 .bss.Left_Click_Button_Flag
                0x20000208        0x1 ./Core/Src/main.o
                0x20000208                Left_Click_Button_Flag
 .bss.Right_Click_Button_Flag
                0x20000209        0x1 ./Core/Src/main.o
                0x20000209                Right_Click_Button_Flag
 *fill*         0x2000020a        0x2 
 .bss.mousehid  0x2000020c        0x4 ./Core/Src/main.o
                0x2000020c                mousehid
 .bss.DPI_Flag  0x20000210        0x1 ./Core/Src/main.o
                0x20000210                DPI_Flag
 *fill*         0x20000211        0x3 
 .bss.uwTick    0x20000214        0x4 ./Drivers/STM32F1xx_HAL_Driver/Src/stm32f1xx_hal.o
                0x20000214                uwTick
 .bss.cfgidx.0  0x20000218        0x1 ./Middlewares/ST/STM32_USB_Device_Library/Core/Src/usbd_ctlreq.o
 *fill*         0x20000219        0x3 
 .bss.hUsbDeviceFS
                0x2000021c      0x2c4 ./USB_DEVICE/App/usb_device.o
                0x2000021c                hUsbDeviceFS
 .bss.USBD_StrDesc
                0x200004e0      0x200 ./USB_DEVICE/App/usbd_desc.o
                0x200004e0                USBD_StrDesc
 .bss.hpcd_USB_FS
                0x200006e0      0x2f0 ./USB_DEVICE/Target/usbd_conf.o
                0x200006e0                hpcd_USB_FS
 .bss.mem.0     0x200009d0       0x14 ./USB_DEVICE/Target/usbd_conf.o
 *(COMMON)
                0x200009e4                        . = ALIGN (0x4)
                0x200009e4                        _ebss = .
                0x200009e4                        __bss_end__ = _ebss

._user_heap_stack
                0x200009e4      0x604 load address 0x08008614
                0x200009e8                        . = ALIGN (0x8)
 *fill*         0x200009e4        0x4 
                [!provide]                        PROVIDE (end = .)
                0x200009e8                        PROVIDE (_end = .)
                0x20000be8                        . = (. + _Min_Heap_Size)
 *fill*         0x200009e8      0x200 
                0x20000fe8                        . = (. + _Min_Stack_Size)
 *fill*         0x20000be8      0x400 
                0x20000fe8                        . = ALIGN (0x8)

/DISCARD/
 libc.a(*)
 libm.a(*)
 libgcc.a(*)

.ARM.attributes
                0x00000000       0x29
 *(.ARM.attributes)
 .ARM.attributes
                0x00000000       0x1d C:/ST/STM32CubeIDE_1.13.0/STM32CubeIDE/plugins/com.st.stm32cube.ide.mcu.externaltools.gnu-tools-for-stm32.12.3.rel1.win32_1.0.100.202403111256/tools/bin/../lib/gcc/arm-none-eabi/12.3.1/thumb/v7-m/nofp/crti.o
 .ARM.attributes
                0x0000001d       0x2d C:/ST/STM32CubeIDE_1.13.0/STM32CubeIDE/plugins/com.st.stm32cube.ide.mcu.externaltools.gnu-tools-for-stm32.12.3.rel1.win32_1.0.100.202403111256/tools/bin/../lib/gcc/arm-none-eabi/12.3.1/thumb/v7-m/nofp/crtbegin.o
 .ARM.attributes
                0x0000004a       0x2d ./Core/Src/Functions.o
 .ARM.attributes
                0x00000077       0x2d ./Core/Src/LCD.o
 .ARM.attributes
                0x000000a4       0x2d ./Core/Src/main.o
 .ARM.attributes
                0x000000d1       0x2d ./Core/Src/stm32f1xx_hal_msp.o
 .ARM.attributes
                0x000000fe       0x2d ./Core/Src/stm32f1xx_it.o
 .ARM.attributes
                0x0000012b       0x2d ./Core/Src/system_stm32f1xx.o
 .ARM.attributes
                0x00000158       0x21 ./Core/Startup/startup_stm32f103c8tx.o
 .ARM.attributes
                0x00000179       0x2d ./Drivers/STM32F1xx_HAL_Driver/Src/stm32f1xx_hal.o
 .ARM.attributes
                0x000001a6       0x2d ./Drivers/STM32F1xx_HAL_Driver/Src/stm32f1xx_hal_adc.o
 .ARM.attributes
                0x000001d3       0x2d ./Drivers/STM32F1xx_HAL_Driver/Src/stm32f1xx_hal_cortex.o
 .ARM.attributes
                0x00000200       0x2d ./Drivers/STM32F1xx_HAL_Driver/Src/stm32f1xx_hal_dma.o
 .ARM.attributes
                0x0000022d       0x2d ./Drivers/STM32F1xx_HAL_Driver/Src/stm32f1xx_hal_gpio.o
 .ARM.attributes
                0x0000025a       0x2d ./Drivers/STM32F1xx_HAL_Driver/Src/stm32f1xx_hal_pcd.o
 .ARM.attributes
                0x00000287       0x2d ./Drivers/STM32F1xx_HAL_Driver/Src/stm32f1xx_hal_pcd_ex.o
 .ARM.attributes
                0x000002b4       0x2d ./Drivers/STM32F1xx_HAL_Driver/Src/stm32f1xx_hal_rcc.o
 .ARM.attributes
                0x000002e1       0x2d ./Drivers/STM32F1xx_HAL_Driver/Src/stm32f1xx_hal_rcc_ex.o
 .ARM.attributes
                0x0000030e       0x2d ./Drivers/STM32F1xx_HAL_Driver/Src/stm32f1xx_ll_usb.o
 .ARM.attributes
                0x0000033b       0x2d ./Middlewares/ST/STM32_USB_Device_Library/Class/HID/Src/usbd_hid.o
 .ARM.attributes
                0x00000368       0x2d ./Middlewares/ST/STM32_USB_Device_Library/Core/Src/usbd_core.o
 .ARM.attributes
                0x00000395       0x2d ./Middlewares/ST/STM32_USB_Device_Library/Core/Src/usbd_ctlreq.o
 .ARM.attributes
                0x000003c2       0x2d ./Middlewares/ST/STM32_USB_Device_Library/Core/Src/usbd_ioreq.o
 .ARM.attributes
                0x000003ef       0x2d ./USB_DEVICE/App/usb_device.o
 .ARM.attributes
                0x0000041c       0x2d ./USB_DEVICE/App/usbd_desc.o
 .ARM.attributes
                0x00000449       0x2d ./USB_DEVICE/Target/usbd_conf.o
 .ARM.attributes
                0x00000476       0x2d C:/ST/STM32CubeIDE_1.13.0/STM32CubeIDE/plugins/com.st.stm32cube.ide.mcu.externaltools.gnu-tools-for-stm32.12.3.rel1.win32_1.0.100.202403111256/tools/bin/../lib/gcc/arm-none-eabi/12.3.1/../../../../arm-none-eabi/lib/thumb/v7-m/nofp\libc_nano.a(libc_a-memset.o)
 .ARM.attributes
                0x000004a3       0x2d C:/ST/STM32CubeIDE_1.13.0/STM32CubeIDE/plugins/com.st.stm32cube.ide.mcu.externaltools.gnu-tools-for-stm32.12.3.rel1.win32_1.0.100.202403111256/tools/bin/../lib/gcc/arm-none-eabi/12.3.1/../../../../arm-none-eabi/lib/thumb/v7-m/nofp\libc_nano.a(libc_a-init.o)
 .ARM.attributes
                0x000004d0       0x1d C:/ST/STM32CubeIDE_1.13.0/STM32CubeIDE/plugins/com.st.stm32cube.ide.mcu.externaltools.gnu-tools-for-stm32.12.3.rel1.win32_1.0.100.202403111256/tools/bin/../lib/gcc/arm-none-eabi/12.3.1/thumb/v7-m/nofp/crtn.o
OUTPUT(Joystick_Interfacing.elf elf32-littlearm)
LOAD linker stubs
LOAD C:/ST/STM32CubeIDE_1.13.0/STM32CubeIDE/plugins/com.st.stm32cube.ide.mcu.externaltools.gnu-tools-for-stm32.12.3.rel1.win32_1.0.100.202403111256/tools/bin/../lib/gcc/arm-none-eabi/12.3.1/../../../../arm-none-eabi/lib/thumb/v7-m/nofp\libc.a
LOAD C:/ST/STM32CubeIDE_1.13.0/STM32CubeIDE/plugins/com.st.stm32cube.ide.mcu.externaltools.gnu-tools-for-stm32.12.3.rel1.win32_1.0.100.202403111256/tools/bin/../lib/gcc/arm-none-eabi/12.3.1/../../../../arm-none-eabi/lib/thumb/v7-m/nofp\libm.a
LOAD C:/ST/STM32CubeIDE_1.13.0/STM32CubeIDE/plugins/com.st.stm32cube.ide.mcu.externaltools.gnu-tools-for-stm32.12.3.rel1.win32_1.0.100.202403111256/tools/bin/../lib/gcc/arm-none-eabi/12.3.1/thumb/v7-m/nofp\libgcc.a

.debug_info     0x00000000     0xdac7
 .debug_info    0x00000000      0x35a ./Core/Src/Functions.o
 .debug_info    0x0000035a      0x22d ./Core/Src/LCD.o
 .debug_info    0x00000587     0x1292 ./Core/Src/main.o
 .debug_info    0x00001819      0x81d ./Core/Src/stm32f1xx_hal_msp.o
 .debug_info    0x00002036      0x82b ./Core/Src/stm32f1xx_it.o
 .debug_info    0x00002861      0x222 ./Core/Src/system_stm32f1xx.o
 .debug_info    0x00002a83       0x30 ./Core/Startup/startup_stm32f103c8tx.o
 .debug_info    0x00002ab3      0x704 ./Drivers/STM32F1xx_HAL_Driver/Src/stm32f1xx_hal.o
 .debug_info    0x000031b7      0xc50 ./Drivers/STM32F1xx_HAL_Driver/Src/stm32f1xx_hal_adc.o
 .debug_info    0x00003e07      0xa87 ./Drivers/STM32F1xx_HAL_Driver/Src/stm32f1xx_hal_cortex.o
 .debug_info    0x0000488e      0x6d2 ./Drivers/STM32F1xx_HAL_Driver/Src/stm32f1xx_hal_dma.o
 .debug_info    0x00004f60      0x5ab ./Drivers/STM32F1xx_HAL_Driver/Src/stm32f1xx_hal_gpio.o
 .debug_info    0x0000550b     0x16cf ./Drivers/STM32F1xx_HAL_Driver/Src/stm32f1xx_hal_pcd.o
 .debug_info    0x00006bda      0x6b6 ./Drivers/STM32F1xx_HAL_Driver/Src/stm32f1xx_hal_pcd_ex.o
 .debug_info    0x00007290      0x7d5 ./Drivers/STM32F1xx_HAL_Driver/Src/stm32f1xx_hal_rcc.o
 .debug_info    0x00007a65      0x3c0 ./Drivers/STM32F1xx_HAL_Driver/Src/stm32f1xx_hal_rcc_ex.o
 .debug_info    0x00007e25     0x17a2 ./Drivers/STM32F1xx_HAL_Driver/Src/stm32f1xx_ll_usb.o
 .debug_info    0x000095c7      0x927 ./Middlewares/ST/STM32_USB_Device_Library/Class/HID/Src/usbd_hid.o
 .debug_info    0x00009eee      0xa52 ./Middlewares/ST/STM32_USB_Device_Library/Core/Src/usbd_core.o
 .debug_info    0x0000a940      0x91c ./Middlewares/ST/STM32_USB_Device_Library/Core/Src/usbd_ctlreq.o
 .debug_info    0x0000b25c      0x6a0 ./Middlewares/ST/STM32_USB_Device_Library/Core/Src/usbd_ioreq.o
 .debug_info    0x0000b8fc      0x53a ./USB_DEVICE/App/usb_device.o
 .debug_info    0x0000be36      0x44a ./USB_DEVICE/App/usbd_desc.o
 .debug_info    0x0000c280     0x1847 ./USB_DEVICE/Target/usbd_conf.o

.debug_abbrev   0x00000000     0x2f91
 .debug_abbrev  0x00000000      0x10e ./Core/Src/Functions.o
 .debug_abbrev  0x0000010e      0x14a ./Core/Src/LCD.o
 .debug_abbrev  0x00000258      0x370 ./Core/Src/main.o
 .debug_abbrev  0x000005c8      0x1e3 ./Core/Src/stm32f1xx_hal_msp.o
 .debug_abbrev  0x000007ab      0x1c9 ./Core/Src/stm32f1xx_it.o
 .debug_abbrev  0x00000974      0x13f ./Core/Src/system_stm32f1xx.o
 .debug_abbrev  0x00000ab3       0x24 ./Core/Startup/startup_stm32f103c8tx.o
 .debug_abbrev  0x00000ad7      0x201 ./Drivers/STM32F1xx_HAL_Driver/Src/stm32f1xx_hal.o
 .debug_abbrev  0x00000cd8      0x225 ./Drivers/STM32F1xx_HAL_Driver/Src/stm32f1xx_hal_adc.o
 .debug_abbrev  0x00000efd      0x2f8 ./Drivers/STM32F1xx_HAL_Driver/Src/stm32f1xx_hal_cortex.o
 .debug_abbrev  0x000011f5      0x20b ./Drivers/STM32F1xx_HAL_Driver/Src/stm32f1xx_hal_dma.o
 .debug_abbrev  0x00001400      0x1ca ./Drivers/STM32F1xx_HAL_Driver/Src/stm32f1xx_hal_gpio.o
 .debug_abbrev  0x000015ca      0x2d6 ./Drivers/STM32F1xx_HAL_Driver/Src/stm32f1xx_hal_pcd.o
 .debug_abbrev  0x000018a0      0x189 ./Drivers/STM32F1xx_HAL_Driver/Src/stm32f1xx_hal_pcd_ex.o
 .debug_abbrev  0x00001a29      0x2b3 ./Drivers/STM32F1xx_HAL_Driver/Src/stm32f1xx_hal_rcc.o
 .debug_abbrev  0x00001cdc      0x188 ./Drivers/STM32F1xx_HAL_Driver/Src/stm32f1xx_hal_rcc_ex.o
 .debug_abbrev  0x00001e64      0x1de ./Drivers/STM32F1xx_HAL_Driver/Src/stm32f1xx_ll_usb.o
 .debug_abbrev  0x00002042      0x26b ./Middlewares/ST/STM32_USB_Device_Library/Class/HID/Src/usbd_hid.o
 .debug_abbrev  0x000022ad      0x24a ./Middlewares/ST/STM32_USB_Device_Library/Core/Src/usbd_core.o
 .debug_abbrev  0x000024f7      0x26b ./Middlewares/ST/STM32_USB_Device_Library/Core/Src/usbd_ctlreq.o
 .debug_abbrev  0x00002762      0x192 ./Middlewares/ST/STM32_USB_Device_Library/Core/Src/usbd_ioreq.o
 .debug_abbrev  0x000028f4      0x188 ./USB_DEVICE/App/usb_device.o
 .debug_abbrev  0x00002a7c      0x1ff ./USB_DEVICE/App/usbd_desc.o
 .debug_abbrev  0x00002c7b      0x316 ./USB_DEVICE/Target/usbd_conf.o

.debug_aranges  0x00000000      0xc68
 .debug_aranges
                0x00000000       0x60 ./Core/Src/Functions.o
 .debug_aranges
                0x00000060       0x40 ./Core/Src/LCD.o
 .debug_aranges
                0x000000a0       0x68 ./Core/Src/main.o
 .debug_aranges
                0x00000108       0x30 ./Core/Src/stm32f1xx_hal_msp.o
 .debug_aranges
                0x00000138       0x78 ./Core/Src/stm32f1xx_it.o
 .debug_aranges
                0x000001b0       0x28 ./Core/Src/system_stm32f1xx.o
 .debug_aranges
                0x000001d8       0x28 ./Core/Startup/startup_stm32f103c8tx.o
 .debug_aranges
                0x00000200       0xe0 ./Drivers/STM32F1xx_HAL_Driver/Src/stm32f1xx_hal.o
 .debug_aranges
                0x000002e0       0xf0 ./Drivers/STM32F1xx_HAL_Driver/Src/stm32f1xx_hal_adc.o
 .debug_aranges
                0x000003d0      0x100 ./Drivers/STM32F1xx_HAL_Driver/Src/stm32f1xx_hal_cortex.o
 .debug_aranges
                0x000004d0       0x80 ./Drivers/STM32F1xx_HAL_Driver/Src/stm32f1xx_hal_dma.o
 .debug_aranges
                0x00000550       0x58 ./Drivers/STM32F1xx_HAL_Driver/Src/stm32f1xx_hal_gpio.o
 .debug_aranges
                0x000005a8      0x140 ./Drivers/STM32F1xx_HAL_Driver/Src/stm32f1xx_hal_pcd.o
 .debug_aranges
                0x000006e8       0x38 ./Drivers/STM32F1xx_HAL_Driver/Src/stm32f1xx_hal_pcd_ex.o
 .debug_aranges
                0x00000720       0x90 ./Drivers/STM32F1xx_HAL_Driver/Src/stm32f1xx_hal_rcc.o
 .debug_aranges
                0x000007b0       0x30 ./Drivers/STM32F1xx_HAL_Driver/Src/stm32f1xx_hal_rcc_ex.o
 .debug_aranges
                0x000007e0       0xf8 ./Drivers/STM32F1xx_HAL_Driver/Src/stm32f1xx_ll_usb.o
 .debug_aranges
                0x000008d8       0x68 ./Middlewares/ST/STM32_USB_Device_Library/Class/HID/Src/usbd_hid.o
 .debug_aranges
                0x00000940       0xb8 ./Middlewares/ST/STM32_USB_Device_Library/Core/Src/usbd_core.o
 .debug_aranges
                0x000009f8       0x88 ./Middlewares/ST/STM32_USB_Device_Library/Core/Src/usbd_ctlreq.o
 .debug_aranges
                0x00000a80       0x50 ./Middlewares/ST/STM32_USB_Device_Library/Core/Src/usbd_ioreq.o
 .debug_aranges
                0x00000ad0       0x20 ./USB_DEVICE/App/usb_device.o
 .debug_aranges
                0x00000af0       0x60 ./USB_DEVICE/App/usbd_desc.o
 .debug_aranges
                0x00000b50      0x118 ./USB_DEVICE/Target/usbd_conf.o

.debug_rnglists
                0x00000000      0x91d
 .debug_rnglists
                0x00000000       0x45 ./Core/Src/Functions.o
 .debug_rnglists
                0x00000045       0x2b ./Core/Src/LCD.o
 .debug_rnglists
                0x00000070       0x4e ./Core/Src/main.o
 .debug_rnglists
                0x000000be       0x20 ./Core/Src/stm32f1xx_hal_msp.o
 .debug_rnglists
                0x000000de       0x55 ./Core/Src/stm32f1xx_it.o
 .debug_rnglists
                0x00000133       0x1a ./Core/Src/system_stm32f1xx.o
 .debug_rnglists
                0x0000014d       0x19 ./Core/Startup/startup_stm32f103c8tx.o
 .debug_rnglists
                0x00000166       0xa3 ./Drivers/STM32F1xx_HAL_Driver/Src/stm32f1xx_hal.o
 .debug_rnglists
                0x00000209       0xbc ./Drivers/STM32F1xx_HAL_Driver/Src/stm32f1xx_hal_adc.o
 .debug_rnglists
                0x000002c5       0xbb ./Drivers/STM32F1xx_HAL_Driver/Src/stm32f1xx_hal_cortex.o
 .debug_rnglists
                0x00000380       0x64 ./Drivers/STM32F1xx_HAL_Driver/Src/stm32f1xx_hal_dma.o
 .debug_rnglists
                0x000003e4       0x3f ./Drivers/STM32F1xx_HAL_Driver/Src/stm32f1xx_hal_gpio.o
 .debug_rnglists
                0x00000423       0xf4 ./Drivers/STM32F1xx_HAL_Driver/Src/stm32f1xx_hal_pcd.o
 .debug_rnglists
                0x00000517       0x26 ./Drivers/STM32F1xx_HAL_Driver/Src/stm32f1xx_hal_pcd_ex.o
 .debug_rnglists
                0x0000053d       0x6c ./Drivers/STM32F1xx_HAL_Driver/Src/stm32f1xx_hal_rcc.o
 .debug_rnglists
                0x000005a9       0x21 ./Drivers/STM32F1xx_HAL_Driver/Src/stm32f1xx_hal_rcc_ex.o
 .debug_rnglists
                0x000005ca       0xbd ./Drivers/STM32F1xx_HAL_Driver/Src/stm32f1xx_ll_usb.o
 .debug_rnglists
                0x00000687       0x4a ./Middlewares/ST/STM32_USB_Device_Library/Class/HID/Src/usbd_hid.o
 .debug_rnglists
                0x000006d1       0x89 ./Middlewares/ST/STM32_USB_Device_Library/Core/Src/usbd_core.o
 .debug_rnglists
                0x0000075a       0x68 ./Middlewares/ST/STM32_USB_Device_Library/Core/Src/usbd_ctlreq.o
 .debug_rnglists
                0x000007c2       0x37 ./Middlewares/ST/STM32_USB_Device_Library/Core/Src/usbd_ioreq.o
 .debug_rnglists
                0x000007f9       0x13 ./USB_DEVICE/App/usb_device.o
 .debug_rnglists
                0x0000080c       0x43 ./USB_DEVICE/App/usbd_desc.o
 .debug_rnglists
                0x0000084f       0xce ./USB_DEVICE/Target/usbd_conf.o

.debug_macro    0x00000000    0x19bc6
 .debug_macro   0x00000000      0x1e6 ./Core/Src/Functions.o
 .debug_macro   0x000001e6      0xaa8 ./Core/Src/Functions.o
 .debug_macro   0x00000c8e      0x221 ./Core/Src/Functions.o
 .debug_macro   0x00000eaf       0x2e ./Core/Src/Functions.o
 .debug_macro   0x00000edd       0x22 ./Core/Src/Functions.o
 .debug_macro   0x00000eff       0x22 ./Core/Src/Functions.o
 .debug_macro   0x00000f21       0x8e ./Core/Src/Functions.o
 .debug_macro   0x00000faf       0x51 ./Core/Src/Functions.o
 .debug_macro   0x00001000      0x103 ./Core/Src/Functions.o
 .debug_macro   0x00001103       0x6a ./Core/Src/Functions.o
 .debug_macro   0x0000116d      0x1df ./Core/Src/Functions.o
 .debug_macro   0x0000134c       0x1c ./Core/Src/Functions.o
 .debug_macro   0x00001368       0x22 ./Core/Src/Functions.o
 .debug_macro   0x0000138a       0xbd ./Core/Src/Functions.o
 .debug_macro   0x00001447      0xd23 ./Core/Src/Functions.o
 .debug_macro   0x0000216a     0xe09e ./Core/Src/Functions.o
 .debug_macro   0x00010208       0x6d ./Core/Src/Functions.o
 .debug_macro   0x00010275     0x348d ./Core/Src/Functions.o
 .debug_macro   0x00013702      0x189 ./Core/Src/Functions.o
 .debug_macro   0x0001388b       0x5c ./Core/Src/Functions.o
 .debug_macro   0x000138e7      0x5bc ./Core/Src/Functions.o
 .debug_macro   0x00013ea3      0x289 ./Core/Src/Functions.o
 .debug_macro   0x0001412c      0x1cb ./Core/Src/Functions.o
 .debug_macro   0x000142f7      0x114 ./Core/Src/Functions.o
 .debug_macro   0x0001440b      0x1b2 ./Core/Src/Functions.o
 .debug_macro   0x000145bd       0x27 ./Core/Src/Functions.o
 .debug_macro   0x000145e4      0x136 ./Core/Src/Functions.o
 .debug_macro   0x0001471a      0x1bc ./Core/Src/Functions.o
 .debug_macro   0x000148d6       0x34 ./Core/Src/Functions.o
 .debug_macro   0x0001490a       0x3c ./Core/Src/Functions.o
 .debug_macro   0x00014946       0x57 ./Core/Src/Functions.o
 .debug_macro   0x0001499d      0x46a ./Core/Src/Functions.o
 .debug_macro   0x00014e07      0x1b5 ./Core/Src/Functions.o
 .debug_macro   0x00014fbc       0x87 ./Core/Src/Functions.o
 .debug_macro   0x00015043      0x240 ./Core/Src/Functions.o
 .debug_macro   0x00015283      0x140 ./Core/Src/Functions.o
 .debug_macro   0x000153c3       0xab ./Core/Src/Functions.o
 .debug_macro   0x0001546e      0x242 ./Core/Src/Functions.o
 .debug_macro   0x000156b0       0x83 ./Core/Src/Functions.o
 .debug_macro   0x00015733      0x1dc ./Core/Src/LCD.o
 .debug_macro   0x0001590f      0x37d ./Core/Src/main.o
 .debug_macro   0x00015c8c       0x61 ./Core/Src/main.o
 .debug_macro   0x00015ced       0x24 ./Core/Src/main.o
 .debug_macro   0x00015d11       0x43 ./Core/Src/main.o
 .debug_macro   0x00015d54       0x34 ./Core/Src/main.o
 .debug_macro   0x00015d88       0x16 ./Core/Src/main.o
 .debug_macro   0x00015d9e       0x35 ./Core/Src/main.o
 .debug_macro   0x00015dd3      0x369 ./Core/Src/main.o
 .debug_macro   0x0001613c       0x10 ./Core/Src/main.o
 .debug_macro   0x0001614c       0x16 ./Core/Src/main.o
 .debug_macro   0x00016162       0x43 ./Core/Src/main.o
 .debug_macro   0x000161a5       0x34 ./Core/Src/main.o
 .debug_macro   0x000161d9       0x10 ./Core/Src/main.o
 .debug_macro   0x000161e9       0x58 ./Core/Src/main.o
 .debug_macro   0x00016241       0x8e ./Core/Src/main.o
 .debug_macro   0x000162cf       0x1c ./Core/Src/main.o
 .debug_macro   0x000162eb      0x177 ./Core/Src/main.o
 .debug_macro   0x00016462       0x16 ./Core/Src/main.o
 .debug_macro   0x00016478       0x16 ./Core/Src/main.o
 .debug_macro   0x0001648e      0x146 ./Core/Src/main.o
 .debug_macro   0x000165d4       0x16 ./Core/Src/main.o
 .debug_macro   0x000165ea       0x16 ./Core/Src/main.o
 .debug_macro   0x00016600       0x29 ./Core/Src/main.o
 .debug_macro   0x00016629       0x16 ./Core/Src/main.o
 .debug_macro   0x0001663f       0x20 ./Core/Src/main.o
 .debug_macro   0x0001665f       0x5f ./Core/Src/main.o
 .debug_macro   0x000166be      0x1c8 ./Core/Src/main.o
 .debug_macro   0x00016886       0x5e ./Core/Src/main.o
 .debug_macro   0x000168e4      0x1c6 ./Core/Src/stm32f1xx_hal_msp.o
 .debug_macro   0x00016aaa      0x1d0 ./Core/Src/stm32f1xx_it.o
 .debug_macro   0x00016c7a      0x1bc ./Core/Src/system_stm32f1xx.o
 .debug_macro   0x00016e36      0x1e0 ./Drivers/STM32F1xx_HAL_Driver/Src/stm32f1xx_hal.o
 .debug_macro   0x00017016      0x1d9 ./Drivers/STM32F1xx_HAL_Driver/Src/stm32f1xx_hal_adc.o
 .debug_macro   0x000171ef      0x1bc ./Drivers/STM32F1xx_HAL_Driver/Src/stm32f1xx_hal_cortex.o
 .debug_macro   0x000173ab      0x1bc ./Drivers/STM32F1xx_HAL_Driver/Src/stm32f1xx_hal_dma.o
 .debug_macro   0x00017567      0x227 ./Drivers/STM32F1xx_HAL_Driver/Src/stm32f1xx_hal_gpio.o
 .debug_macro   0x0001778e      0x1c8 ./Drivers/STM32F1xx_HAL_Driver/Src/stm32f1xx_hal_pcd.o
 .debug_macro   0x00017956      0x1bc ./Drivers/STM32F1xx_HAL_Driver/Src/stm32f1xx_hal_pcd_ex.o
 .debug_macro   0x00017b12      0x1ce ./Drivers/STM32F1xx_HAL_Driver/Src/stm32f1xx_hal_rcc.o
 .debug_macro   0x00017ce0      0x1bc ./Drivers/STM32F1xx_HAL_Driver/Src/stm32f1xx_hal_rcc_ex.o
 .debug_macro   0x00017e9c      0x1bc ./Drivers/STM32F1xx_HAL_Driver/Src/stm32f1xx_ll_usb.o
 .debug_macro   0x00018058      0x355 ./Middlewares/ST/STM32_USB_Device_Library/Class/HID/Src/usbd_hid.o
 .debug_macro   0x000183ad       0x9e ./Middlewares/ST/STM32_USB_Device_Library/Class/HID/Src/usbd_hid.o
 .debug_macro   0x0001844b      0x10b ./Middlewares/ST/STM32_USB_Device_Library/Class/HID/Src/usbd_hid.o
 .debug_macro   0x00018556       0x56 ./Middlewares/ST/STM32_USB_Device_Library/Class/HID/Src/usbd_hid.o
 .debug_macro   0x000185ac      0x33c ./Middlewares/ST/STM32_USB_Device_Library/Core/Src/usbd_core.o
 .debug_macro   0x000188e8      0x1ce ./Middlewares/ST/STM32_USB_Device_Library/Core/Src/usbd_core.o
 .debug_macro   0x00018ab6      0x346 ./Middlewares/ST/STM32_USB_Device_Library/Core/Src/usbd_ctlreq.o
 .debug_macro   0x00018dfc      0x342 ./Middlewares/ST/STM32_USB_Device_Library/Core/Src/usbd_ioreq.o
 .debug_macro   0x0001913e      0x372 ./USB_DEVICE/App/usb_device.o
 .debug_macro   0x000194b0       0x22 ./USB_DEVICE/App/usb_device.o
 .debug_macro   0x000194d2      0x379 ./USB_DEVICE/App/usbd_desc.o
 .debug_macro   0x0001984b       0x1c ./USB_DEVICE/App/usbd_desc.o
 .debug_macro   0x00019867      0x35f ./USB_DEVICE/Target/usbd_conf.o

.debug_line     0x00000000    0x10e52
 .debug_line    0x00000000      0x921 ./Core/Src/Functions.o
 .debug_line    0x00000921      0x7c2 ./Core/Src/LCD.o
 .debug_line    0x000010e3      0xc85 ./Core/Src/main.o
 .debug_line    0x00001d68      0x79e ./Core/Src/stm32f1xx_hal_msp.o
 .debug_line    0x00002506      0x840 ./Core/Src/stm32f1xx_it.o
 .debug_line    0x00002d46      0x7b2 ./Core/Src/system_stm32f1xx.o
 .debug_line    0x000034f8       0x78 ./Core/Startup/startup_stm32f103c8tx.o
 .debug_line    0x00003570      0x9df ./Drivers/STM32F1xx_HAL_Driver/Src/stm32f1xx_hal.o
 .debug_line    0x00003f4f     0x105c ./Drivers/STM32F1xx_HAL_Driver/Src/stm32f1xx_hal_adc.o
 .debug_line    0x00004fab      0xbcb ./Drivers/STM32F1xx_HAL_Driver/Src/stm32f1xx_hal_cortex.o
 .debug_line    0x00005b76      0xe38 ./Drivers/STM32F1xx_HAL_Driver/Src/stm32f1xx_hal_dma.o
 .debug_line    0x000069ae      0xa78 ./Drivers/STM32F1xx_HAL_Driver/Src/stm32f1xx_hal_gpio.o
 .debug_line    0x00007426     0x143a ./Drivers/STM32F1xx_HAL_Driver/Src/stm32f1xx_hal_pcd.o
 .debug_line    0x00008860      0x7ad ./Drivers/STM32F1xx_HAL_Driver/Src/stm32f1xx_hal_pcd_ex.o
 .debug_line    0x0000900d      0xde8 ./Drivers/STM32F1xx_HAL_Driver/Src/stm32f1xx_hal_rcc.o
 .debug_line    0x00009df5      0x929 ./Drivers/STM32F1xx_HAL_Driver/Src/stm32f1xx_hal_rcc_ex.o
 .debug_line    0x0000a71e     0x10b0 ./Drivers/STM32F1xx_HAL_Driver/Src/stm32f1xx_ll_usb.o
 .debug_line    0x0000b7ce      0xbf0 ./Middlewares/ST/STM32_USB_Device_Library/Class/HID/Src/usbd_hid.o
 .debug_line    0x0000c3be      0xdb3 ./Middlewares/ST/STM32_USB_Device_Library/Core/Src/usbd_core.o
 .debug_line    0x0000d171      0xff3 ./Middlewares/ST/STM32_USB_Device_Library/Core/Src/usbd_ctlreq.o
 .debug_line    0x0000e164      0xa49 ./Middlewares/ST/STM32_USB_Device_Library/Core/Src/usbd_ioreq.o
 .debug_line    0x0000ebad      0x9ee ./USB_DEVICE/App/usb_device.o
 .debug_line    0x0000f59b      0xad2 ./USB_DEVICE/App/usbd_desc.o
 .debug_line    0x0001006d      0xde5 ./USB_DEVICE/Target/usbd_conf.o

.debug_str      0x00000000    0x89748
 .debug_str     0x00000000    0x81d84 ./Core/Src/Functions.o
                              0x820c9 (size before relaxing)
 .debug_str     0x00081d84       0xd6 ./Core/Src/LCD.o
                              0x820ce (size before relaxing)
 .debug_str     0x00081e5a     0x5026 ./Core/Src/main.o
                              0x8724a (size before relaxing)
 .debug_str     0x00086e80       0xad ./Core/Src/stm32f1xx_hal_msp.o
                              0x82477 (size before relaxing)
 .debug_str     0x00086f2d      0x417 ./Core/Src/stm32f1xx_it.o
                              0x8262f (size before relaxing)
 .debug_str     0x00087344       0x7e ./Core/Src/system_stm32f1xx.o
                              0x82096 (size before relaxing)
 .debug_str     0x000873c2       0x44 ./Core/Startup/startup_stm32f103c8tx.o
                                 0x86 (size before relaxing)
 .debug_str     0x00087406      0x384 ./Drivers/STM32F1xx_HAL_Driver/Src/stm32f1xx_hal.o
                              0x827c9 (size before relaxing)
 .debug_str     0x0008778a      0x38d ./Drivers/STM32F1xx_HAL_Driver/Src/stm32f1xx_hal_adc.o
                              0x8277a (size before relaxing)
 .debug_str     0x00087b17      0x280 ./Drivers/STM32F1xx_HAL_Driver/Src/stm32f1xx_hal_cortex.o
                              0x82715 (size before relaxing)
 .debug_str     0x00087d97      0x1e2 ./Drivers/STM32F1xx_HAL_Driver/Src/stm32f1xx_hal_dma.o
                              0x8243f (size before relaxing)
 .debug_str     0x00087f79      0x2a8 ./Drivers/STM32F1xx_HAL_Driver/Src/stm32f1xx_hal_gpio.o
                              0x8241c (size before relaxing)
 .debug_str     0x00088221      0x5bd ./Drivers/STM32F1xx_HAL_Driver/Src/stm32f1xx_hal_pcd.o
                              0x829a8 (size before relaxing)
 .debug_str     0x000887de      0x170 ./Drivers/STM32F1xx_HAL_Driver/Src/stm32f1xx_hal_pcd_ex.o
                              0x8250a (size before relaxing)
 .debug_str     0x0008894e      0x229 ./Drivers/STM32F1xx_HAL_Driver/Src/stm32f1xx_hal_rcc.o
                              0x824c5 (size before relaxing)
 .debug_str     0x00088b77       0x84 ./Drivers/STM32F1xx_HAL_Driver/Src/stm32f1xx_hal_rcc_ex.o
                              0x82215 (size before relaxing)
 .debug_str     0x00088bfb      0x129 ./Drivers/STM32F1xx_HAL_Driver/Src/stm32f1xx_ll_usb.o
                              0x8255c (size before relaxing)
 .debug_str     0x00088d24      0x298 ./Middlewares/ST/STM32_USB_Device_Library/Class/HID/Src/usbd_hid.o
                              0x869ef (size before relaxing)
 .debug_str     0x00088fbc      0x298 ./Middlewares/ST/STM32_USB_Device_Library/Core/Src/usbd_core.o
                              0x8688a (size before relaxing)
 .debug_str     0x00089254      0x11b ./Middlewares/ST/STM32_USB_Device_Library/Core/Src/usbd_ctlreq.o
                              0x867a4 (size before relaxing)
 .debug_str     0x0008936f       0x79 ./Middlewares/ST/STM32_USB_Device_Library/Core/Src/usbd_ioreq.o
                              0x866d1 (size before relaxing)
 .debug_str     0x000893e8       0xa2 ./USB_DEVICE/App/usb_device.o
                              0x86846 (size before relaxing)
 .debug_str     0x0008948a      0x251 ./USB_DEVICE/App/usbd_desc.o
                              0x86606 (size before relaxing)
 .debug_str     0x000896db       0x6d ./USB_DEVICE/Target/usbd_conf.o
                              0x87379 (size before relaxing)

.comment        0x00000000       0x43
 .comment       0x00000000       0x43 ./Core/Src/Functions.o
                                 0x44 (size before relaxing)
 .comment       0x00000043       0x44 ./Core/Src/LCD.o
 .comment       0x00000043       0x44 ./Core/Src/main.o
 .comment       0x00000043       0x44 ./Core/Src/stm32f1xx_hal_msp.o
 .comment       0x00000043       0x44 ./Core/Src/stm32f1xx_it.o
 .comment       0x00000043       0x44 ./Core/Src/system_stm32f1xx.o
 .comment       0x00000043       0x44 ./Drivers/STM32F1xx_HAL_Driver/Src/stm32f1xx_hal.o
 .comment       0x00000043       0x44 ./Drivers/STM32F1xx_HAL_Driver/Src/stm32f1xx_hal_adc.o
 .comment       0x00000043       0x44 ./Drivers/STM32F1xx_HAL_Driver/Src/stm32f1xx_hal_cortex.o
 .comment       0x00000043       0x44 ./Drivers/STM32F1xx_HAL_Driver/Src/stm32f1xx_hal_dma.o
 .comment       0x00000043       0x44 ./Drivers/STM32F1xx_HAL_Driver/Src/stm32f1xx_hal_gpio.o
 .comment       0x00000043       0x44 ./Drivers/STM32F1xx_HAL_Driver/Src/stm32f1xx_hal_pcd.o
 .comment       0x00000043       0x44 ./Drivers/STM32F1xx_HAL_Driver/Src/stm32f1xx_hal_pcd_ex.o
 .comment       0x00000043       0x44 ./Drivers/STM32F1xx_HAL_Driver/Src/stm32f1xx_hal_rcc.o
 .comment       0x00000043       0x44 ./Drivers/STM32F1xx_HAL_Driver/Src/stm32f1xx_hal_rcc_ex.o
 .comment       0x00000043       0x44 ./Drivers/STM32F1xx_HAL_Driver/Src/stm32f1xx_ll_usb.o
 .comment       0x00000043       0x44 ./Middlewares/ST/STM32_USB_Device_Library/Class/HID/Src/usbd_hid.o
 .comment       0x00000043       0x44 ./Middlewares/ST/STM32_USB_Device_Library/Core/Src/usbd_core.o
 .comment       0x00000043       0x44 ./Middlewares/ST/STM32_USB_Device_Library/Core/Src/usbd_ctlreq.o
 .comment       0x00000043       0x44 ./Middlewares/ST/STM32_USB_Device_Library/Core/Src/usbd_ioreq.o
 .comment       0x00000043       0x44 ./USB_DEVICE/App/usb_device.o
 .comment       0x00000043       0x44 ./USB_DEVICE/App/usbd_desc.o
 .comment       0x00000043       0x44 ./USB_DEVICE/Target/usbd_conf.o

.debug_frame    0x00000000     0x2ff0
 .debug_frame   0x00000000      0x170 ./Core/Src/Functions.o
 .debug_frame   0x00000170       0xb4 ./Core/Src/LCD.o
 .debug_frame   0x00000224      0x154 ./Core/Src/main.o
 .debug_frame   0x00000378       0x80 ./Core/Src/stm32f1xx_hal_msp.o
 .debug_frame   0x000003f8      0x158 ./Core/Src/stm32f1xx_it.o
 .debug_frame   0x00000550       0x58 ./Core/Src/system_stm32f1xx.o
 .debug_frame   0x000005a8      0x334 ./Drivers/STM32F1xx_HAL_Driver/Src/stm32f1xx_hal.o
 .debug_frame   0x000008dc      0x40c ./Drivers/STM32F1xx_HAL_Driver/Src/stm32f1xx_hal_adc.o
 .debug_frame   0x00000ce8      0x428 ./Drivers/STM32F1xx_HAL_Driver/Src/stm32f1xx_hal_cortex.o
 .debug_frame   0x00001110      0x208 ./Drivers/STM32F1xx_HAL_Driver/Src/stm32f1xx_hal_dma.o
 .debug_frame   0x00001318      0x14c ./Drivers/STM32F1xx_HAL_Driver/Src/stm32f1xx_hal_gpio.o
 .debug_frame   0x00001464      0x59c ./Drivers/STM32F1xx_HAL_Driver/Src/stm32f1xx_hal_pcd.o
 .debug_frame   0x00001a00       0xb0 ./Drivers/STM32F1xx_HAL_Driver/Src/stm32f1xx_hal_pcd_ex.o
 .debug_frame   0x00001ab0      0x218 ./Drivers/STM32F1xx_HAL_Driver/Src/stm32f1xx_hal_rcc.o
 .debug_frame   0x00001cc8       0x80 ./Drivers/STM32F1xx_HAL_Driver/Src/stm32f1xx_hal_rcc_ex.o
 .debug_frame   0x00001d48      0x478 ./Drivers/STM32F1xx_HAL_Driver/Src/stm32f1xx_ll_usb.o
 .debug_frame   0x000021c0      0x190 ./Middlewares/ST/STM32_USB_Device_Library/Class/HID/Src/usbd_hid.o
 .debug_frame   0x00002350      0x300 ./Middlewares/ST/STM32_USB_Device_Library/Core/Src/usbd_core.o
 .debug_frame   0x00002650      0x218 ./Middlewares/ST/STM32_USB_Device_Library/Core/Src/usbd_ctlreq.o
 .debug_frame   0x00002868      0x10c ./Middlewares/ST/STM32_USB_Device_Library/Core/Src/usbd_ioreq.o
 .debug_frame   0x00002974       0x2c ./USB_DEVICE/App/usb_device.o
 .debug_frame   0x000029a0      0x160 ./USB_DEVICE/App/usbd_desc.o
 .debug_frame   0x00002b00      0x4a4 ./USB_DEVICE/Target/usbd_conf.o
 .debug_frame   0x00002fa4       0x20 C:/ST/STM32CubeIDE_1.13.0/STM32CubeIDE/plugins/com.st.stm32cube.ide.mcu.externaltools.gnu-tools-for-stm32.12.3.rel1.win32_1.0.100.202403111256/tools/bin/../lib/gcc/arm-none-eabi/12.3.1/../../../../arm-none-eabi/lib/thumb/v7-m/nofp\libc_nano.a(libc_a-memset.o)
 .debug_frame   0x00002fc4       0x2c C:/ST/STM32CubeIDE_1.13.0/STM32CubeIDE/plugins/com.st.stm32cube.ide.mcu.externaltools.gnu-tools-for-stm32.12.3.rel1.win32_1.0.100.202403111256/tools/bin/../lib/gcc/arm-none-eabi/12.3.1/../../../../arm-none-eabi/lib/thumb/v7-m/nofp\libc_nano.a(libc_a-init.o)

.debug_line_str
                0x00000000       0x6a
 .debug_line_str
                0x00000000       0x6a ./Core/Startup/startup_stm32f103c8tx.o
