../Core/Src/main.c:78:8:Mapping_Values	4	static
../Core/Src/main.c:100:6:HAL_GPIO_EXTI_Callback	16	static
../Core/Src/main.c:134:6:Clear_Lcd	8	static
../Core/Src/main.c:141:6:Show_mapped_values	8	static
../Core/Src/main.c:158:5:main	8	static
../Core/Src/main.c:250:6:SystemClock_Config	88	static
../Core/Src/main.c:298:13:MX_ADC1_Init	24	static
../Core/Src/main.c:352:13:MX_DMA_Init	16	static
../Core/Src/main.c:370:13:MX_GPIO_Init	40	static
../Core/Src/main.c:430:6:Error_Handler	4	static,ignoring_inline_asm
